2025-10-20 15:22:57.491443: E external/local_xla/xla/stream_executor/cuda/cuda_fft.cc:485] Unable to register cuFFT factory: Attempting to register factory for plugin cuFFT when one has already been registered
2025-10-20 15:22:57.508958: E external/local_xla/xla/stream_executor/cuda/cuda_dnn.cc:8454] Unable to register cuDNN factory: Attempting to register factory for plugin cuDNN when one has already been registered
2025-10-20 15:22:57.517273: E external/local_xla/xla/stream_executor/cuda/cuda_blas.cc:1452] Unable to register cuBLAS factory: Attempting to register factory for plugin cuBLAS when one has already been registered
2025-10-20 15:23:03.584714: W tensorflow/compiler/tf2tensorrt/utils/py_utils.cc:38] TF-TRT Warning: Could not find TensorRT
mkdir -p failed for path /net/fnndsc/neuro/users.NR/daniel.barrerasmeraz/.config/matplotlib: [Errno 13] Permission denied: '/net/fnndsc/neuro/users.NR/daniel.barrerasmeraz'
Matplotlib created a temporary cache directory at /tmp/matplotlib-bg0th5xr because there was an issue with the default path (/net/fnndsc/neuro/users.NR/daniel.barrerasmeraz/.config/matplotlib); it is highly recommended to set the MPLCONFIGDIR environment variable to a writable directory, in particular to speed up the import of Matplotlib and to better support multiprocessing.
================================================================================
FIXED FETAL BRAIN 2D CYCLEGAN - MULTI-GPU SUPPORT
================================================================================
TensorFlow version: 2.17.0
GPUs available: 3
================================================================================
================================================================================
CONFIGURATION
================================================================================
  train_data: processed_data_4slice/train_4slice_data.pkl
  val_data: processed_data_4slice/val_4slice_data.pkl
  reference_site: BCH_CHD
  ga_embedding_dim: 16
  epochs: 200
  batch_size: 32
  lr: 0.0001
  beta_1: 0.5
  gradient_accumulation_steps: 4
  resume_epoch: None
  weight_dir: ./weights/cyclegan_2d
  result_dir: ./results/cyclegan_2d
  log_dir: ./logs/cyclegan_2d
  save_freq: 25
  gpu: 2,1,0
  multi_gpu_strategy: model_parallel
================================================================================
✓ Configured 3 GPU(s) with memory growth: True
✓ Available GPUs: ['/physical_device:GPU:0', '/physical_device:GPU:1', '/physical_device:GPU:2']
Using model parallelism across 3 GPUs
================================================================================
LOADING DATA
================================================================================
Loading data from: processed_data_4slice/train_4slice_data.pkl
  Images: (14624, 138, 176, 1), dtype: float32
  GA range: nan - nan weeks
  Sites: ['BCH_CHD' 'BCH_Placenta' 'HBCD_Site5_Arkansas_UNC'
 'HBCD_Site6_Cincinnati' 'VGH_Unknown' 'dHCP']
  Replacing 236 NaN GA values
Creating datasets for 6 sites:
  BCH_CHD: 6636 slices
  BCH_Placenta: 2400 slices
  HBCD_Site5_Arkansas_UNC: 368 slices
  HBCD_Site6_Cincinnati: 192 slices
  VGH_Unknown: 220 slices
  dHCP: 4808 slices
Reference: BCH_CHD
Targets: ['BCH_Placenta', 'HBCD_Site5_Arkansas_UNC', 'HBCD_Site6_Cincinnati', 'VGH_Unknown', 'dHCP']
================================================================================
BUILDING MODEL
================================================================================
Building CORRECTED CycleGAN:
  - 1 forward generator (site→BCH)
  - 5 backward generators (BCH→site, one per site)
  - 6 discriminators (BCH + 5 sites)
  - Using 3 GPUs
  GPU Assignment:
    Generators → /GPU:0
    Disc BCH → /GPU:1
    Disc Sites → /GPU:2
    Backward gen BCH→BCH_Placenta created
    Backward gen BCH→HBCD_Site5_Arkansas_UNC created
    Backward gen BCH→HBCD_Site6_Cincinnati created
    Backward gen BCH→VGH_Unknown created
    Backward gen BCH→dHCP created
    Disc BCH_Placenta → /GPU:0
    Disc HBCD_Site5_Arkansas_UNC → /GPU:1
    Disc HBCD_Site6_Cincinnati → /GPU:2
    Disc VGH_Unknown → /GPU:0
    Disc dHCP → /GPU:1
Model compiled
  Gen site→BCH parameters: 1,965,041
  Gen BCH→site parameters: 1,965,041 × 5
  Disc BCH parameters: 2,766,833
  Disc per-site parameters: 2,766,833 × 5
================================================================================
CREATING DATASETS
================================================================================
  BCH_CHD: 6636 slices
  BCH_Placenta: 2400 slices
  HBCD_Site5_Arkansas_UNC: 368 slices
  HBCD_Site6_Cincinnati: 192 slices
  VGH_Unknown: 220 slices
  dHCP: 4808 slices
================================================================================
STARTING TRAINING WITH SAFETY CHECKS
================================================================================
Epochs: 200
Batch size: 32
Learning rate: 0.0001
================================================================================
Epoch 1/200
Epoch 1: 100%|██████████| 207/207 [16:23<00:00,  4.75s/it, G=4.021, D_BCH=0.654, Cyc=0.437, Collapse=0]
  Gen: 4.2896 | Disc BCH: 0.7020 | Cycle: 0.4525 | Identity: 0.5163
Epoch 2/200
Epoch 2: 100%|██████████| 207/207 [16:22<00:00,  4.74s/it, G=4.072, D_BCH=0.653, Cyc=0.440, Collapse=0]
  Gen: 4.1233 | Disc BCH: 0.6532 | Cycle: 0.4448 | Identity: 0.5066
Epoch 3/200
Epoch 3: 100%|██████████| 207/207 [15:56<00:00,  4.62s/it, G=4.134, D_BCH=0.653, Cyc=0.443, Collapse=0]
  Gen: 4.0972 | Disc BCH: 0.6694 | Cycle: 0.4455 | Identity: 0.5057
Epoch 4/200
Epoch 4: 100%|██████████| 207/207 [16:00<00:00,  4.64s/it, G=4.226, D_BCH=0.653, Cyc=0.448, Collapse=0]
  Gen: 4.1814 | Disc BCH: 0.6614 | Cycle: 0.4472 | Identity: 0.5090
Epoch 5/200
Epoch 5: 100%|██████████| 207/207 [16:05<00:00,  4.66s/it, G=4.192, D_BCH=0.651, Cyc=0.452, Collapse=0]
  Gen: 4.1513 | Disc BCH: 0.6519 | Cycle: 0.4457 | Identity: 0.5062
Epoch 6/200
Epoch 6: 100%|██████████| 207/207 [16:17<00:00,  4.72s/it, G=4.082, D_BCH=0.651, Cyc=0.444, Collapse=0]
  Gen: 4.1291 | Disc BCH: 0.6515 | Cycle: 0.4454 | Identity: 0.5063
Epoch 7/200
Epoch 7: 100%|██████████| 207/207 [16:06<00:00,  4.67s/it, G=4.144, D_BCH=0.651, Cyc=0.453, Collapse=0]
  Gen: 4.1183 | Disc BCH: 0.6513 | Cycle: 0.4461 | Identity: 0.5057
Epoch 8/200
Epoch 8: 100%|██████████| 207/207 [16:05<00:00,  4.66s/it, G=4.100, D_BCH=0.651, Cyc=0.447, Collapse=0]
  Gen: 4.1267 | Disc BCH: 0.6510 | Cycle: 0.4454 | Identity: 0.5059
Epoch 9/200
Epoch 9: 100%|██████████| 207/207 [16:03<00:00,  4.66s/it, G=4.131, D_BCH=0.651, Cyc=0.440, Collapse=0]
  Gen: 4.1231 | Disc BCH: 0.6510 | Cycle: 0.4455 | Identity: 0.5056
Epoch 10/200
Epoch 10: 100%|██████████| 207/207 [15:58<00:00,  4.63s/it, G=4.171, D_BCH=0.651, Cyc=0.449, Collapse=0]
  Gen: 4.1164 | Disc BCH: 0.6509 | Cycle: 0.4457 | Identity: 0.5049
  GPU Memory Usage:
    GPU 0: Current=1595MB, Peak=18297MB
    GPU 1: Current=106MB, Peak=2514MB
    GPU 2: Current=34MB, Peak=42MB
Epoch 11/200
Epoch 11: 100%|██████████| 207/207 [16:07<00:00,  4.67s/it, G=4.095, D_BCH=0.651, Cyc=0.442, Collapse=0]
  Gen: 4.1175 | Disc BCH: 0.6510 | Cycle: 0.4454 | Identity: 0.5050
Epoch 12/200
Epoch 12: 100%|██████████| 207/207 [16:08<00:00,  4.68s/it, G=4.007, D_BCH=0.651, Cyc=0.432, Collapse=0]
  Gen: 4.1163 | Disc BCH: 0.6510 | Cycle: 0.4449 | Identity: 0.5053
Epoch 13/200
Epoch 13: 100%|██████████| 207/207 [15:55<00:00,  4.62s/it, G=4.194, D_BCH=0.652, Cyc=0.446, Collapse=0]
  Gen: 4.1154 | Disc BCH: 0.6509 | Cycle: 0.4450 | Identity: 0.5054
Epoch 14/200
Epoch 14: 100%|██████████| 207/207 [16:19<00:00,  4.73s/it, G=4.118, D_BCH=0.651, Cyc=0.450, Collapse=0]
  Gen: 4.1086 | Disc BCH: 0.6509 | Cycle: 0.4459 | Identity: 0.5048
Epoch 15/200
Epoch 15: 100%|██████████| 207/207 [15:56<00:00,  4.62s/it, G=4.089, D_BCH=0.651, Cyc=0.431, Collapse=0]
  Gen: 4.1031 | Disc BCH: 0.6509 | Cycle: 0.4454 | Identity: 0.5050
Epoch 16/200
Epoch 16: 100%|██████████| 207/207 [15:56<00:00,  4.62s/it, G=4.228, D_BCH=0.651, Cyc=0.459, Collapse=0]
  Gen: 4.1292 | Disc BCH: 0.6549 | Cycle: 0.4455 | Identity: 0.5052
Epoch 17/200
Epoch 17: 100%|██████████| 207/207 [15:51<00:00,  4.60s/it, G=4.046, D_BCH=0.651, Cyc=0.432, Collapse=0]
  Gen: 4.1381 | Disc BCH: 0.6508 | Cycle: 0.4448 | Identity: 0.5065
Epoch 18/200
Epoch 18: 100%|██████████| 207/207 [15:51<00:00,  4.60s/it, G=4.077, D_BCH=0.650, Cyc=0.436, Collapse=0]
  Gen: 4.1226 | Disc BCH: 0.6507 | Cycle: 0.4453 | Identity: 0.5064
Epoch 19/200
Epoch 19: 100%|██████████| 207/207 [15:51<00:00,  4.60s/it, G=4.065, D_BCH=0.650, Cyc=0.441, Collapse=0]
  Gen: 4.0973 | Disc BCH: 0.6508 | Cycle: 0.4439 | Identity: 0.5071
Epoch 20/200
Epoch 20: 100%|██████████| 207/207 [15:51<00:00,  4.60s/it, G=4.000, D_BCH=0.651, Cyc=0.436, Collapse=0]
  Gen: 4.0871 | Disc BCH: 0.6507 | Cycle: 0.4452 | Identity: 0.5062
  GPU Memory Usage:
    GPU 0: Current=1595MB, Peak=18297MB
    GPU 1: Current=106MB, Peak=2514MB
    GPU 2: Current=34MB, Peak=42MB
Epoch 21/200
Epoch 21: 100%|██████████| 207/207 [15:51<00:00,  4.60s/it, G=4.102, D_BCH=0.651, Cyc=0.456, Collapse=0]
  Gen: 4.0683 | Disc BCH: 0.6507 | Cycle: 0.4446 | Identity: 0.5062
Epoch 22/200
Epoch 22: 100%|██████████| 207/207 [15:53<00:00,  4.60s/it, G=4.082, D_BCH=0.651, Cyc=0.446, Collapse=0]
  Gen: 4.0583 | Disc BCH: 0.6507 | Cycle: 0.4458 | Identity: 0.5063
Epoch 23/200
Epoch 23: 100%|██████████| 207/207 [15:50<00:00,  4.59s/it, G=4.020, D_BCH=0.651, Cyc=0.454, Collapse=0]
  Gen: 4.0454 | Disc BCH: 0.6507 | Cycle: 0.4452 | Identity: 0.5061
Epoch 24/200
Epoch 24: 100%|██████████| 207/207 [15:50<00:00,  4.59s/it, G=4.050, D_BCH=0.651, Cyc=0.458, Collapse=0]
  Gen: 4.0344 | Disc BCH: 0.6507 | Cycle: 0.4457 | Identity: 0.5059
Epoch 25/200
Epoch 25: 100%|██████████| 207/207 [15:49<00:00,  4.59s/it, G=4.006, D_BCH=0.650, Cyc=0.442, Collapse=0]
  Gen: 4.0233 | Disc BCH: 0.6507 | Cycle: 0.4452 | Identity: 0.5066
 Saving checkpoint at epoch 25
Epoch 26/200
Epoch 26: 100%|██████████| 207/207 [15:49<00:00,  4.59s/it, G=4.011, D_BCH=0.650, Cyc=0.445, Collapse=0]
  Gen: 4.0191 | Disc BCH: 0.6507 | Cycle: 0.4453 | Identity: 0.5067
Epoch 27/200
Epoch 27: 100%|██████████| 207/207 [15:50<00:00,  4.59s/it, G=4.056, D_BCH=0.650, Cyc=0.456, Collapse=0]
  Gen: 4.0093 | Disc BCH: 0.6506 | Cycle: 0.4448 | Identity: 0.5064
Epoch 28/200
Epoch 28: 100%|██████████| 207/207 [15:48<00:00,  4.58s/it, G=3.964, D_BCH=0.651, Cyc=0.441, Collapse=0]
  Gen: 4.0058 | Disc BCH: 0.6506 | Cycle: 0.4449 | Identity: 0.5066
Epoch 29/200
Epoch 29: 100%|██████████| 207/207 [15:47<00:00,  4.58s/it, G=4.092, D_BCH=0.652, Cyc=0.458, Collapse=0]
  Gen: 4.0009 | Disc BCH: 0.6507 | Cycle: 0.4456 | Identity: 0.5061
Epoch 30/200
Epoch 30: 100%|██████████| 207/207 [15:47<00:00,  4.58s/it, G=3.989, D_BCH=0.665, Cyc=0.437, Collapse=0]
  Gen: 4.0054 | Disc BCH: 0.6625 | Cycle: 0.4444 | Identity: 0.5068
  GPU Memory Usage:
    GPU 0: Current=1597MB, Peak=18297MB
    GPU 1: Current=106MB, Peak=2514MB
    GPU 2: Current=34MB, Peak=42MB
Epoch 31/200
Epoch 31: 100%|██████████| 207/207 [15:47<00:00,  4.58s/it, G=4.048, D_BCH=0.651, Cyc=0.454, Collapse=0]
  Gen: 4.0536 | Disc BCH: 0.6519 | Cycle: 0.4458 | Identity: 0.5058
Epoch 32/200
Epoch 32: 100%|██████████| 207/207 [15:48<00:00,  4.58s/it, G=4.046, D_BCH=0.651, Cyc=0.449, Collapse=0]
  Gen: 4.0552 | Disc BCH: 0.6507 | Cycle: 0.4452 | Identity: 0.5065
Epoch 33/200
Epoch 33: 100%|██████████| 207/207 [15:52<00:00,  4.60s/it, G=4.019, D_BCH=0.651, Cyc=0.439, Collapse=0]
  Gen: 4.0585 | Disc BCH: 0.6508 | Cycle: 0.4453 | Identity: 0.5062
Epoch 34/200
Epoch 34: 100%|██████████| 207/207 [15:49<00:00,  4.59s/it, G=4.046, D_BCH=0.651, Cyc=0.438, Collapse=0]
  Gen: 4.0584 | Disc BCH: 0.6507 | Cycle: 0.4458 | Identity: 0.5061
Epoch 35/200
Epoch 35: 100%|██████████| 207/207 [15:51<00:00,  4.60s/it, G=4.066, D_BCH=0.651, Cyc=0.452, Collapse=0]
  Gen: 4.0564 | Disc BCH: 0.6508 | Cycle: 0.4448 | Identity: 0.5067
Epoch 36/200
Epoch 36: 100%|██████████| 207/207 [15:50<00:00,  4.59s/it, G=4.114, D_BCH=0.650, Cyc=0.455, Collapse=0]
  Gen: 4.0567 | Disc BCH: 0.6508 | Cycle: 0.4451 | Identity: 0.5063
Epoch 37/200
Epoch 37: 100%|██████████| 207/207 [15:58<00:00,  4.63s/it, G=4.032, D_BCH=0.651, Cyc=0.439, Collapse=0]
  Gen: 4.0515 | Disc BCH: 0.6507 | Cycle: 0.4451 | Identity: 0.5067
Epoch 38/200
Epoch 38: 100%|██████████| 207/207 [15:49<00:00,  4.59s/it, G=4.020, D_BCH=0.651, Cyc=0.443, Collapse=0]
  Gen: 4.0499 | Disc BCH: 0.6507 | Cycle: 0.4445 | Identity: 0.5064
Epoch 39/200
Epoch 39: 100%|██████████| 207/207 [15:52<00:00,  4.60s/it, G=4.040, D_BCH=0.651, Cyc=0.444, Collapse=0]
  Gen: 4.0496 | Disc BCH: 0.6508 | Cycle: 0.4445 | Identity: 0.5068
Epoch 40/200
Epoch 40: 100%|██████████| 207/207 [15:49<00:00,  4.59s/it, G=4.011, D_BCH=0.650, Cyc=0.443, Collapse=0]
  Gen: 4.0447 | Disc BCH: 0.6507 | Cycle: 0.4439 | Identity: 0.5073
  GPU Memory Usage:
    GPU 0: Current=1599MB, Peak=18297MB
    GPU 1: Current=106MB, Peak=2514MB
    GPU 2: Current=34MB, Peak=42MB
Epoch 41/200
Epoch 41: 100%|██████████| 207/207 [15:50<00:00,  4.59s/it, G=4.093, D_BCH=0.651, Cyc=0.462, Collapse=0]
  Gen: 4.0442 | Disc BCH: 0.6508 | Cycle: 0.4454 | Identity: 0.5062
Epoch 42/200
Epoch 42: 100%|██████████| 207/207 [15:49<00:00,  4.59s/it, G=4.005, D_BCH=0.651, Cyc=0.435, Collapse=0]
  Gen: 4.0458 | Disc BCH: 0.6507 | Cycle: 0.4458 | Identity: 0.5061
Epoch 43/200
Epoch 43: 100%|██████████| 207/207 [15:57<00:00,  4.63s/it, G=4.011, D_BCH=0.650, Cyc=0.442, Collapse=0]
  Gen: 4.0358 | Disc BCH: 0.6507 | Cycle: 0.4448 | Identity: 0.5067
Epoch 44/200
Epoch 44: 100%|██████████| 207/207 [15:50<00:00,  4.59s/it, G=3.997, D_BCH=0.650, Cyc=0.437, Collapse=0]
  Gen: 4.0293 | Disc BCH: 0.6507 | Cycle: 0.4444 | Identity: 0.5065
Epoch 45/200
Epoch 45: 100%|██████████| 207/207 [15:53<00:00,  4.60s/it, G=4.057, D_BCH=0.651, Cyc=0.458, Collapse=0]
  Gen: 4.0305 | Disc BCH: 0.6509 | Cycle: 0.4451 | Identity: 0.5065
Epoch 46/200
Epoch 46: 100%|██████████| 207/207 [15:54<00:00,  4.61s/it, G=3.999, D_BCH=0.651, Cyc=0.434, Collapse=0]
  Gen: 4.0260 | Disc BCH: 0.6505 | Cycle: 0.4448 | Identity: 0.5067
Epoch 47/200
Epoch 47: 100%|██████████| 207/207 [15:52<00:00,  4.60s/it, G=4.023, D_BCH=0.650, Cyc=0.448, Collapse=0]
  Gen: 4.0229 | Disc BCH: 0.6506 | Cycle: 0.4455 | Identity: 0.5060
Epoch 48/200
Epoch 48: 100%|██████████| 207/207 [16:19<00:00,  4.73s/it, G=4.058, D_BCH=0.650, Cyc=0.453, Collapse=0]
  Gen: 4.0181 | Disc BCH: 0.6506 | Cycle: 0.4444 | Identity: 0.5069
Epoch 49/200
Epoch 49: 100%|██████████| 207/207 [16:15<00:00,  4.71s/it, G=4.027, D_BCH=0.650, Cyc=0.448, Collapse=0]
  Gen: 4.0199 | Disc BCH: 0.6506 | Cycle: 0.4451 | Identity: 0.5065
Epoch 50/200
Epoch 50: 100%|██████████| 207/207 [15:57<00:00,  4.63s/it, G=3.997, D_BCH=0.650, Cyc=0.441, Collapse=0]
  Gen: 4.0157 | Disc BCH: 0.6507 | Cycle: 0.4455 | Identity: 0.5062
  GPU Memory Usage:
    GPU 0: Current=1595MB, Peak=18297MB
    GPU 1: Current=106MB, Peak=2514MB
    GPU 2: Current=34MB, Peak=42MB
 Saving checkpoint at epoch 50
Epoch 51/200
Epoch 51: 100%|██████████| 207/207 [16:06<00:00,  4.67s/it, G=3.977, D_BCH=0.650, Cyc=0.430, Collapse=0]
  Gen: 4.0221 | Disc BCH: 0.6506 | Cycle: 0.4460 | Identity: 0.5058
Epoch 52/200
Epoch 52: 100%|██████████| 207/207 [15:50<00:00,  4.59s/it, G=4.006, D_BCH=0.650, Cyc=0.443, Collapse=0]
  Gen: 4.0165 | Disc BCH: 0.6506 | Cycle: 0.4448 | Identity: 0.5065
Epoch 53/200
Epoch 53: 100%|██████████| 207/207 [15:47<00:00,  4.58s/it, G=3.955, D_BCH=0.650, Cyc=0.439, Collapse=0]
  Gen: 4.0144 | Disc BCH: 0.6506 | Cycle: 0.4451 | Identity: 0.5064
Epoch 54/200
Epoch 54: 100%|██████████| 207/207 [15:57<00:00,  4.63s/it, G=3.981, D_BCH=0.650, Cyc=0.437, Collapse=0]
  Gen: 4.0141 | Disc BCH: 0.6506 | Cycle: 0.4455 | Identity: 0.5061
Epoch 55/200
Epoch 55: 100%|██████████| 207/207 [15:50<00:00,  4.59s/it, G=4.007, D_BCH=0.651, Cyc=0.449, Collapse=0]
  Gen: 4.0128 | Disc BCH: 0.6506 | Cycle: 0.4449 | Identity: 0.5067
Epoch 56/200
Epoch 56: 100%|██████████| 207/207 [15:49<00:00,  4.59s/it, G=4.034, D_BCH=0.650, Cyc=0.455, Collapse=0]
  Gen: 4.0091 | Disc BCH: 0.6506 | Cycle: 0.4451 | Identity: 0.5062
Epoch 57/200
Epoch 57: 100%|██████████| 207/207 [15:52<00:00,  4.60s/it, G=4.004, D_BCH=0.650, Cyc=0.452, Collapse=0]
  Gen: 4.0028 | Disc BCH: 0.6506 | Cycle: 0.4450 | Identity: 0.5063
Epoch 58/200
Epoch 58: 100%|██████████| 207/207 [15:51<00:00,  4.59s/it, G=4.025, D_BCH=0.650, Cyc=0.447, Collapse=0]
  Gen: 4.0044 | Disc BCH: 0.6506 | Cycle: 0.4448 | Identity: 0.5066
Epoch 59/200
Epoch 59: 100%|██████████| 207/207 [15:49<00:00,  4.59s/it, G=3.956, D_BCH=0.650, Cyc=0.441, Collapse=0]
  Gen: 4.0002 | Disc BCH: 0.6506 | Cycle: 0.4457 | Identity: 0.5060
Epoch 60/200
Epoch 60: 100%|██████████| 207/207 [15:48<00:00,  4.58s/it, G=3.986, D_BCH=0.650, Cyc=0.451, Collapse=0]
  Gen: 3.9937 | Disc BCH: 0.6506 | Cycle: 0.4446 | Identity: 0.5065
  GPU Memory Usage:
    GPU 0: Current=1594MB, Peak=18297MB
    GPU 1: Current=106MB, Peak=2514MB
    GPU 2: Current=34MB, Peak=42MB
Epoch 61/200
Epoch 61: 100%|██████████| 207/207 [15:50<00:00,  4.59s/it, G=3.970, D_BCH=0.651, Cyc=0.444, Collapse=0]
  Gen: 3.9909 | Disc BCH: 0.6506 | Cycle: 0.4456 | Identity: 0.5061
Epoch 62/200
Epoch 62: 100%|██████████| 207/207 [15:51<00:00,  4.60s/it, G=3.941, D_BCH=0.650, Cyc=0.430, Collapse=0]
  Gen: 3.9922 | Disc BCH: 0.6505 | Cycle: 0.4447 | Identity: 0.5068
Epoch 63/200
Epoch 63: 100%|██████████| 207/207 [15:53<00:00,  4.61s/it, G=4.075, D_BCH=0.650, Cyc=0.465, Collapse=0]
  Gen: 3.9979 | Disc BCH: 0.6505 | Cycle: 0.4463 | Identity: 0.5055
Epoch 64/200
Epoch 64: 100%|██████████| 207/207 [15:50<00:00,  4.59s/it, G=3.927, D_BCH=0.650, Cyc=0.425, Collapse=0]
  Gen: 3.9897 | Disc BCH: 0.6506 | Cycle: 0.4454 | Identity: 0.5061
Epoch 65/200
Epoch 65: 100%|██████████| 207/207 [15:50<00:00,  4.59s/it, G=4.009, D_BCH=0.651, Cyc=0.455, Collapse=0]
  Gen: 3.9909 | Disc BCH: 0.6505 | Cycle: 0.4458 | Identity: 0.5058
Epoch 66/200
Epoch 66: 100%|██████████| 207/207 [15:50<00:00,  4.59s/it, G=4.010, D_BCH=0.651, Cyc=0.449, Collapse=0]
  Gen: 3.9895 | Disc BCH: 0.6506 | Cycle: 0.4448 | Identity: 0.5067
Epoch 67/200
Epoch 67: 100%|██████████| 207/207 [15:52<00:00,  4.60s/it, G=3.930, D_BCH=0.650, Cyc=0.433, Collapse=0]
  Gen: 3.9842 | Disc BCH: 0.6506 | Cycle: 0.4444 | Identity: 0.5066
Epoch 68/200
Epoch 68: 100%|██████████| 207/207 [15:53<00:00,  4.61s/it, G=3.978, D_BCH=0.651, Cyc=0.446, Collapse=0]
  Gen: 3.9835 | Disc BCH: 0.6505 | Cycle: 0.4457 | Identity: 0.5058
Epoch 69/200
Epoch 69: 100%|██████████| 207/207 [15:53<00:00,  4.60s/it, G=3.928, D_BCH=0.651, Cyc=0.433, Collapse=0]
  Gen: 3.9850 | Disc BCH: 0.6505 | Cycle: 0.4456 | Identity: 0.5062
Epoch 70/200
Epoch 70: 100%|██████████| 207/207 [15:54<00:00,  4.61s/it, G=3.992, D_BCH=0.650, Cyc=0.447, Collapse=0]
  Gen: 3.9839 | Disc BCH: 0.6505 | Cycle: 0.4451 | Identity: 0.5065
  GPU Memory Usage:
    GPU 0: Current=1597MB, Peak=18297MB
    GPU 1: Current=106MB, Peak=2514MB
    GPU 2: Current=34MB, Peak=42MB
Epoch 71/200
Epoch 71: 100%|██████████| 207/207 [15:54<00:00,  4.61s/it, G=3.932, D_BCH=0.650, Cyc=0.431, Collapse=0]
  Gen: 3.9818 | Disc BCH: 0.6505 | Cycle: 0.4453 | Identity: 0.5062
Epoch 72/200
Epoch 72: 100%|██████████| 207/207 [15:59<00:00,  4.64s/it, G=3.999, D_BCH=0.650, Cyc=0.458, Collapse=0]
  Gen: 3.9804 | Disc BCH: 0.6506 | Cycle: 0.4448 | Identity: 0.5067
Epoch 73/200
Epoch 73: 100%|██████████| 207/207 [15:55<00:00,  4.62s/it, G=4.017, D_BCH=0.651, Cyc=0.460, Collapse=0]
  Gen: 3.9769 | Disc BCH: 0.6505 | Cycle: 0.4447 | Identity: 0.5065
Epoch 74/200
Epoch 74: 100%|██████████| 207/207 [15:56<00:00,  4.62s/it, G=3.957, D_BCH=0.650, Cyc=0.439, Collapse=0]
  Gen: 3.9810 | Disc BCH: 0.6505 | Cycle: 0.4458 | Identity: 0.5062
Epoch 75/200
Epoch 75: 100%|██████████| 207/207 [15:49<00:00,  4.59s/it, G=3.985, D_BCH=0.650, Cyc=0.446, Collapse=0]
  Gen: 3.9730 | Disc BCH: 0.6505 | Cycle: 0.4441 | Identity: 0.5069
 Saving checkpoint at epoch 75
Epoch 76/200
Epoch 76: 100%|██████████| 207/207 [15:52<00:00,  4.60s/it, G=4.010, D_BCH=0.650, Cyc=0.453, Collapse=0]
  Gen: 3.9749 | Disc BCH: 0.6505 | Cycle: 0.4456 | Identity: 0.5061
Epoch 77/200
Epoch 77: 100%|██████████| 207/207 [15:49<00:00,  4.59s/it, G=4.002, D_BCH=0.650, Cyc=0.454, Collapse=0]
  Gen: 3.9691 | Disc BCH: 0.6505 | Cycle: 0.4451 | Identity: 0.5063
Epoch 78/200
Epoch 78: 100%|██████████| 207/207 [15:49<00:00,  4.59s/it, G=3.977, D_BCH=0.650, Cyc=0.441, Collapse=0]
  Gen: 3.9693 | Disc BCH: 0.6505 | Cycle: 0.4450 | Identity: 0.5063
Epoch 79/200
Epoch 79: 100%|██████████| 207/207 [15:49<00:00,  4.59s/it, G=3.940, D_BCH=0.650, Cyc=0.441, Collapse=0]
  Gen: 3.9709 | Disc BCH: 0.6505 | Cycle: 0.4452 | Identity: 0.5063
Epoch 80/200
Epoch 80: 100%|██████████| 207/207 [16:04<00:00,  4.66s/it, G=3.907, D_BCH=0.650, Cyc=0.433, Collapse=0]
  Gen: 3.9758 | Disc BCH: 0.6505 | Cycle: 0.4459 | Identity: 0.5057
  GPU Memory Usage:
    GPU 0: Current=1596MB, Peak=18297MB
    GPU 1: Current=106MB, Peak=2514MB
    GPU 2: Current=34MB, Peak=42MB
Epoch 81/200
Epoch 81: 100%|██████████| 207/207 [16:00<00:00,  4.64s/it, G=3.927, D_BCH=0.650, Cyc=0.436, Collapse=0]
  Gen: 3.9698 | Disc BCH: 0.6505 | Cycle: 0.4447 | Identity: 0.5065
Epoch 82/200
Epoch 82: 100%|██████████| 207/207 [15:57<00:00,  4.62s/it, G=3.954, D_BCH=0.650, Cyc=0.438, Collapse=0]
  Gen: 3.9735 | Disc BCH: 0.6505 | Cycle: 0.4451 | Identity: 0.5062
Epoch 83/200
Epoch 83: 100%|██████████| 207/207 [15:59<00:00,  4.64s/it, G=3.984, D_BCH=0.650, Cyc=0.447, Collapse=0]
  Gen: 3.9733 | Disc BCH: 0.6505 | Cycle: 0.4447 | Identity: 0.5064
Epoch 84/200
Epoch 84: 100%|██████████| 207/207 [16:04<00:00,  4.66s/it, G=3.942, D_BCH=0.650, Cyc=0.436, Collapse=0]
  Gen: 3.9737 | Disc BCH: 0.6505 | Cycle: 0.4450 | Identity: 0.5063
Epoch 85/200
Epoch 85: 100%|██████████| 207/207 [16:08<00:00,  4.68s/it, G=3.934, D_BCH=0.651, Cyc=0.441, Collapse=0]
  Gen: 3.9709 | Disc BCH: 0.6504 | Cycle: 0.4441 | Identity: 0.5069
Epoch 86/200
Epoch 86: 100%|██████████| 207/207 [16:12<00:00,  4.70s/it, G=3.982, D_BCH=0.650, Cyc=0.449, Collapse=0]
  Gen: 3.9707 | Disc BCH: 0.6505 | Cycle: 0.4459 | Identity: 0.5060
Epoch 87/200
Epoch 87: 100%|██████████| 207/207 [16:05<00:00,  4.67s/it, G=3.964, D_BCH=0.650, Cyc=0.443, Collapse=0]
  Gen: 3.9962 | Disc BCH: 0.6505 | Cycle: 0.4452 | Identity: 0.5067
Epoch 88/200
Epoch 88: 100%|██████████| 207/207 [16:00<00:00,  4.64s/it, G=4.045, D_BCH=0.650, Cyc=0.445, Collapse=0]
  Gen: 4.0450 | Disc BCH: 0.6531 | Cycle: 0.4456 | Identity: 0.5059
Epoch 89/200
Epoch 89: 100%|██████████| 207/207 [16:07<00:00,  4.67s/it, G=4.024, D_BCH=0.650, Cyc=0.441, Collapse=0]
  Gen: 4.0541 | Disc BCH: 0.6504 | Cycle: 0.4451 | Identity: 0.5063
Epoch 90/200
Epoch 90: 100%|██████████| 207/207 [15:59<00:00,  4.63s/it, G=4.059, D_BCH=0.650, Cyc=0.445, Collapse=0]
  Gen: 4.0553 | Disc BCH: 0.6504 | Cycle: 0.4458 | Identity: 0.5060
  GPU Memory Usage:
    GPU 0: Current=1597MB, Peak=18297MB
    GPU 1: Current=106MB, Peak=2514MB
    GPU 2: Current=34MB, Peak=42MB
Epoch 91/200
Epoch 91: 100%|██████████| 207/207 [16:03<00:00,  4.65s/it, G=4.050, D_BCH=0.650, Cyc=0.447, Collapse=0]
  Gen: 4.0576 | Disc BCH: 0.6505 | Cycle: 0.4463 | Identity: 0.5058
Epoch 92/200
Epoch 92: 100%|██████████| 207/207 [15:56<00:00,  4.62s/it, G=3.971, D_BCH=0.650, Cyc=0.419, Collapse=0]
  Gen: 4.0500 | Disc BCH: 0.6505 | Cycle: 0.4454 | Identity: 0.5063
Epoch 93/200
Epoch 93: 100%|██████████| 207/207 [16:07<00:00,  4.67s/it, G=3.998, D_BCH=0.651, Cyc=0.439, Collapse=0]
  Gen: 4.0514 | Disc BCH: 0.6505 | Cycle: 0.4459 | Identity: 0.5058
Epoch 94/200
Epoch 94: 100%|██████████| 207/207 [15:59<00:00,  4.63s/it, G=4.048, D_BCH=0.650, Cyc=0.446, Collapse=0]
  Gen: 4.0536 | Disc BCH: 0.6505 | Cycle: 0.4456 | Identity: 0.5062
Epoch 95/200
Epoch 95: 100%|██████████| 207/207 [16:10<00:00,  4.69s/it, G=4.031, D_BCH=0.651, Cyc=0.439, Collapse=0]
  Gen: 4.0489 | Disc BCH: 0.6505 | Cycle: 0.4451 | Identity: 0.5064
Epoch 96/200
Epoch 96: 100%|██████████| 207/207 [16:10<00:00,  4.69s/it, G=4.020, D_BCH=0.650, Cyc=0.447, Collapse=0]
  Gen: 4.0436 | Disc BCH: 0.6504 | Cycle: 0.4453 | Identity: 0.5059
Epoch 97/200
Epoch 97: 100%|██████████| 207/207 [16:09<00:00,  4.68s/it, G=4.015, D_BCH=0.650, Cyc=0.441, Collapse=0]
  Gen: 4.0423 | Disc BCH: 0.6505 | Cycle: 0.4452 | Identity: 0.5064
Epoch 98/200
Epoch 98: 100%|██████████| 207/207 [16:15<00:00,  4.71s/it, G=4.030, D_BCH=0.650, Cyc=0.442, Collapse=0]
  Gen: 4.0371 | Disc BCH: 0.6504 | Cycle: 0.4452 | Identity: 0.5061
Epoch 99/200
Epoch 99: 100%|██████████| 207/207 [16:13<00:00,  4.70s/it, G=3.980, D_BCH=0.651, Cyc=0.431, Collapse=0]
  Gen: 4.0381 | Disc BCH: 0.6504 | Cycle: 0.4451 | Identity: 0.5063
Epoch 100/200
Epoch 100: 100%|██████████| 207/207 [16:00<00:00,  4.64s/it, G=4.035, D_BCH=0.651, Cyc=0.447, Collapse=0]
  Gen: 4.0409 | Disc BCH: 0.6504 | Cycle: 0.4456 | Identity: 0.5062
  GPU Memory Usage:
    GPU 0: Current=1596MB, Peak=18297MB
    GPU 1: Current=106MB, Peak=2514MB
    GPU 2: Current=34MB, Peak=42MB
 Saving checkpoint at epoch 100
Epoch 101/200
Epoch 101: 100%|██████████| 207/207 [15:57<00:00,  4.62s/it, G=3.926, D_BCH=0.650, Cyc=0.426, Collapse=0]
  Gen: 4.0301 | Disc BCH: 0.6505 | Cycle: 0.4448 | Identity: 0.5065
Epoch 102/200
Epoch 102: 100%|██████████| 207/207 [15:56<00:00,  4.62s/it, G=4.033, D_BCH=0.650, Cyc=0.447, Collapse=0]
  Gen: 4.0355 | Disc BCH: 0.6504 | Cycle: 0.4449 | Identity: 0.5066
Epoch 103/200
Epoch 103: 100%|██████████| 207/207 [15:57<00:00,  4.62s/it, G=4.003, D_BCH=0.650, Cyc=0.436, Collapse=0]
  Gen: 4.0350 | Disc BCH: 0.6504 | Cycle: 0.4455 | Identity: 0.5061
Epoch 104/200
Epoch 104: 100%|██████████| 207/207 [15:51<00:00,  4.60s/it, G=4.005, D_BCH=0.650, Cyc=0.446, Collapse=0]
  Gen: 4.0332 | Disc BCH: 0.6505 | Cycle: 0.4456 | Identity: 0.5063
Epoch 105/200
Epoch 105: 100%|██████████| 207/207 [15:55<00:00,  4.61s/it, G=4.059, D_BCH=0.651, Cyc=0.458, Collapse=0]
  Gen: 4.0309 | Disc BCH: 0.6504 | Cycle: 0.4458 | Identity: 0.5058
Epoch 106/200
Epoch 106: 100%|██████████| 207/207 [15:53<00:00,  4.61s/it, G=3.986, D_BCH=0.650, Cyc=0.436, Collapse=0]
  Gen: 4.0293 | Disc BCH: 0.6504 | Cycle: 0.4448 | Identity: 0.5069
Epoch 107/200
Epoch 107: 100%|██████████| 207/207 [15:58<00:00,  4.63s/it, G=4.056, D_BCH=0.650, Cyc=0.458, Collapse=0]
  Gen: 4.0279 | Disc BCH: 0.6505 | Cycle: 0.4458 | Identity: 0.5064
Epoch 108/200
Epoch 108: 100%|██████████| 207/207 [15:56<00:00,  4.62s/it, G=4.049, D_BCH=0.651, Cyc=0.449, Collapse=0]
  Gen: 4.0232 | Disc BCH: 0.6504 | Cycle: 0.4455 | Identity: 0.5061
Epoch 109/200
Epoch 109: 100%|██████████| 207/207 [15:59<00:00,  4.63s/it, G=3.976, D_BCH=0.650, Cyc=0.428, Collapse=0]
  Gen: 4.0185 | Disc BCH: 0.6504 | Cycle: 0.4449 | Identity: 0.5064
Epoch 110/200
Epoch 110: 100%|██████████| 207/207 [15:53<00:00,  4.61s/it, G=3.978, D_BCH=0.650, Cyc=0.438, Collapse=0]
  Gen: 4.0165 | Disc BCH: 0.6504 | Cycle: 0.4446 | Identity: 0.5066
  GPU Memory Usage:
    GPU 0: Current=1597MB, Peak=18297MB
    GPU 1: Current=106MB, Peak=2514MB
    GPU 2: Current=34MB, Peak=42MB
Epoch 111/200
Epoch 111: 100%|██████████| 207/207 [16:01<00:00,  4.64s/it, G=3.997, D_BCH=0.650, Cyc=0.441, Collapse=0]
  Gen: 4.0145 | Disc BCH: 0.6504 | Cycle: 0.4450 | Identity: 0.5063
Epoch 112/200
Epoch 112: 100%|██████████| 207/207 [15:53<00:00,  4.61s/it, G=4.005, D_BCH=0.650, Cyc=0.448, Collapse=0]
  Gen: 4.0153 | Disc BCH: 0.6504 | Cycle: 0.4452 | Identity: 0.5063
Epoch 113/200
Epoch 113: 100%|██████████| 207/207 [15:52<00:00,  4.60s/it, G=4.007, D_BCH=0.651, Cyc=0.441, Collapse=0]
  Gen: 4.0138 | Disc BCH: 0.6504 | Cycle: 0.4452 | Identity: 0.5063
Epoch 114/200
Epoch 114: 100%|██████████| 207/207 [15:57<00:00,  4.62s/it, G=3.942, D_BCH=0.650, Cyc=0.435, Collapse=0]
  Gen: 4.0115 | Disc BCH: 0.6504 | Cycle: 0.4459 | Identity: 0.5057
Epoch 115/200
Epoch 115: 100%|██████████| 207/207 [15:55<00:00,  4.62s/it, G=4.061, D_BCH=0.650, Cyc=0.460, Collapse=0]
  Gen: 4.0128 | Disc BCH: 0.6504 | Cycle: 0.4454 | Identity: 0.5063
Epoch 116/200
Epoch 116: 100%|██████████| 207/207 [15:55<00:00,  4.61s/it, G=3.983, D_BCH=0.651, Cyc=0.440, Collapse=0]
  Gen: 4.0069 | Disc BCH: 0.6504 | Cycle: 0.4450 | Identity: 0.5065
Epoch 117/200
Epoch 117: 100%|██████████| 207/207 [15:54<00:00,  4.61s/it, G=3.985, D_BCH=0.650, Cyc=0.434, Collapse=0]
  Gen: 4.0084 | Disc BCH: 0.6504 | Cycle: 0.4450 | Identity: 0.5064
Epoch 118/200
Epoch 118: 100%|██████████| 207/207 [15:55<00:00,  4.62s/it, G=3.941, D_BCH=0.650, Cyc=0.425, Collapse=0]
  Gen: 4.0034 | Disc BCH: 0.6504 | Cycle: 0.4444 | Identity: 0.5066
Epoch 119/200
Epoch 119: 100%|██████████| 207/207 [15:54<00:00,  4.61s/it, G=4.049, D_BCH=0.650, Cyc=0.449, Collapse=0]
  Gen: 4.0026 | Disc BCH: 0.6504 | Cycle: 0.4445 | Identity: 0.5065
Epoch 120/200
Epoch 120: 100%|██████████| 207/207 [15:55<00:00,  4.61s/it, G=4.027, D_BCH=0.650, Cyc=0.454, Collapse=0]
  Gen: 3.9990 | Disc BCH: 0.6504 | Cycle: 0.4445 | Identity: 0.5063
  GPU Memory Usage:
    GPU 0: Current=1596MB, Peak=18297MB
    GPU 1: Current=106MB, Peak=2514MB
    GPU 2: Current=34MB, Peak=42MB
Epoch 121/200
Epoch 121: 100%|██████████| 207/207 [15:54<00:00,  4.61s/it, G=4.019, D_BCH=0.650, Cyc=0.448, Collapse=0]
  Gen: 4.0076 | Disc BCH: 0.6504 | Cycle: 0.4457 | Identity: 0.5062
Epoch 122/200
Epoch 122: 100%|██████████| 207/207 [15:55<00:00,  4.62s/it, G=4.036, D_BCH=0.650, Cyc=0.458, Collapse=0]
  Gen: 4.0044 | Disc BCH: 0.6504 | Cycle: 0.4459 | Identity: 0.5062
Epoch 123/200
Epoch 123: 100%|██████████| 207/207 [15:53<00:00,  4.61s/it, G=3.949, D_BCH=0.650, Cyc=0.435, Collapse=0]
  Gen: 4.0035 | Disc BCH: 0.6504 | Cycle: 0.4456 | Identity: 0.5062
Epoch 124/200
Epoch 124: 100%|██████████| 207/207 [15:55<00:00,  4.61s/it, G=4.003, D_BCH=0.650, Cyc=0.452, Collapse=0]
  Gen: 3.9989 | Disc BCH: 0.6504 | Cycle: 0.4447 | Identity: 0.5068
Epoch 125/200
Epoch 125: 100%|██████████| 207/207 [15:51<00:00,  4.60s/it, G=3.944, D_BCH=0.650, Cyc=0.439, Collapse=0]
  Gen: 3.9999 | Disc BCH: 0.6504 | Cycle: 0.4456 | Identity: 0.5062
 Saving checkpoint at epoch 125
Epoch 126/200
Epoch 126: 100%|██████████| 207/207 [15:53<00:00,  4.61s/it, G=3.983, D_BCH=0.650, Cyc=0.446, Collapse=0]
  Gen: 3.9975 | Disc BCH: 0.6504 | Cycle: 0.4451 | Identity: 0.5064
Epoch 127/200
Epoch 127: 100%|██████████| 207/207 [15:50<00:00,  4.59s/it, G=4.006, D_BCH=0.650, Cyc=0.451, Collapse=0]
  Gen: 3.9966 | Disc BCH: 0.6504 | Cycle: 0.4451 | Identity: 0.5062
Epoch 128/200
Epoch 128: 100%|██████████| 207/207 [15:51<00:00,  4.60s/it, G=3.961, D_BCH=0.650, Cyc=0.439, Collapse=0]
  Gen: 3.9987 | Disc BCH: 0.6504 | Cycle: 0.4456 | Identity: 0.5059
Epoch 129/200
Epoch 129: 100%|██████████| 207/207 [15:48<00:00,  4.58s/it, G=4.003, D_BCH=0.650, Cyc=0.442, Collapse=0]
  Gen: 3.9973 | Disc BCH: 0.6504 | Cycle: 0.4451 | Identity: 0.5063
Epoch 130/200
Epoch 130: 100%|██████████| 207/207 [15:52<00:00,  4.60s/it, G=3.942, D_BCH=0.651, Cyc=0.429, Collapse=0]
  Gen: 3.9957 | Disc BCH: 0.6504 | Cycle: 0.4447 | Identity: 0.5066
  GPU Memory Usage:
    GPU 0: Current=1597MB, Peak=18297MB
    GPU 1: Current=106MB, Peak=2514MB
    GPU 2: Current=34MB, Peak=42MB
Epoch 131/200
Epoch 131: 100%|██████████| 207/207 [15:53<00:00,  4.61s/it, G=3.999, D_BCH=0.650, Cyc=0.450, Collapse=0]
  Gen: 3.9979 | Disc BCH: 0.6504 | Cycle: 0.4457 | Identity: 0.5060
Epoch 132/200
Epoch 132: 100%|██████████| 207/207 [15:52<00:00,  4.60s/it, G=3.981, D_BCH=0.650, Cyc=0.445, Collapse=0]
  Gen: 3.9918 | Disc BCH: 0.6504 | Cycle: 0.4442 | Identity: 0.5068
Epoch 133/200
Epoch 133: 100%|██████████| 207/207 [15:55<00:00,  4.62s/it, G=3.967, D_BCH=0.650, Cyc=0.436, Collapse=0]
  Gen: 3.9951 | Disc BCH: 0.6504 | Cycle: 0.4449 | Identity: 0.5066
Epoch 134/200
Epoch 134: 100%|██████████| 207/207 [15:57<00:00,  4.62s/it, G=4.004, D_BCH=0.650, Cyc=0.445, Collapse=0]
  Gen: 3.9910 | Disc BCH: 0.6504 | Cycle: 0.4438 | Identity: 0.5072
Epoch 135/200
Epoch 135: 100%|██████████| 207/207 [15:54<00:00,  4.61s/it, G=3.968, D_BCH=0.650, Cyc=0.438, Collapse=0]
  Gen: 3.9921 | Disc BCH: 0.6504 | Cycle: 0.4448 | Identity: 0.5066
Epoch 136/200
Epoch 136: 100%|██████████| 207/207 [15:54<00:00,  4.61s/it, G=3.986, D_BCH=0.650, Cyc=0.444, Collapse=0]
  Gen: 3.9903 | Disc BCH: 0.6504 | Cycle: 0.4445 | Identity: 0.5067
Epoch 137/200
Epoch 137: 100%|██████████| 207/207 [15:53<00:00,  4.61s/it, G=4.015, D_BCH=0.650, Cyc=0.450, Collapse=0]
  Gen: 3.9915 | Disc BCH: 0.6504 | Cycle: 0.4455 | Identity: 0.5064
Epoch 138/200
Epoch 138: 100%|██████████| 207/207 [15:57<00:00,  4.62s/it, G=3.925, D_BCH=0.650, Cyc=0.429, Collapse=0]
  Gen: 3.9934 | Disc BCH: 0.6504 | Cycle: 0.4455 | Identity: 0.5064
Epoch 139/200
Epoch 139: 100%|██████████| 207/207 [15:54<00:00,  4.61s/it, G=3.991, D_BCH=0.650, Cyc=0.446, Collapse=0]
  Gen: 3.9859 | Disc BCH: 0.6504 | Cycle: 0.4450 | Identity: 0.5064
Epoch 140/200
Epoch 140: 100%|██████████| 207/207 [15:55<00:00,  4.62s/it, G=3.971, D_BCH=0.650, Cyc=0.447, Collapse=0]
  Gen: 3.9889 | Disc BCH: 0.6504 | Cycle: 0.4451 | Identity: 0.5063
  GPU Memory Usage:
    GPU 0: Current=1595MB, Peak=18297MB
    GPU 1: Current=106MB, Peak=2514MB
    GPU 2: Current=34MB, Peak=42MB
Epoch 141/200
Epoch 141: 100%|██████████| 207/207 [15:56<00:00,  4.62s/it, G=4.025, D_BCH=0.650, Cyc=0.454, Collapse=0]
  Gen: 3.9874 | Disc BCH: 0.6504 | Cycle: 0.4455 | Identity: 0.5059
Epoch 142/200
Epoch 142: 100%|██████████| 207/207 [15:57<00:00,  4.63s/it, G=3.956, D_BCH=0.651, Cyc=0.441, Collapse=0]
  Gen: 3.9843 | Disc BCH: 0.6504 | Cycle: 0.4450 | Identity: 0.5064
Epoch 143/200
Epoch 143: 100%|██████████| 207/207 [15:59<00:00,  4.64s/it, G=3.945, D_BCH=0.650, Cyc=0.440, Collapse=0]
  Gen: 3.9824 | Disc BCH: 0.6504 | Cycle: 0.4445 | Identity: 0.5064
Epoch 144/200
Epoch 144: 100%|██████████| 207/207 [15:56<00:00,  4.62s/it, G=3.995, D_BCH=0.650, Cyc=0.447, Collapse=0]
  Gen: 3.9880 | Disc BCH: 0.6504 | Cycle: 0.4453 | Identity: 0.5064
Epoch 145/200
Epoch 145: 100%|██████████| 207/207 [15:55<00:00,  4.62s/it, G=3.952, D_BCH=0.650, Cyc=0.437, Collapse=0]
  Gen: 3.9884 | Disc BCH: 0.6503 | Cycle: 0.4457 | Identity: 0.5063
Epoch 146/200
Epoch 146: 100%|██████████| 207/207 [15:55<00:00,  4.61s/it, G=3.935, D_BCH=0.650, Cyc=0.434, Collapse=0]
  Gen: 3.9826 | Disc BCH: 0.6504 | Cycle: 0.4452 | Identity: 0.5063
Epoch 147/200
Epoch 147: 100%|██████████| 207/207 [15:54<00:00,  4.61s/it, G=3.945, D_BCH=0.650, Cyc=0.445, Collapse=0]
  Gen: 3.9846 | Disc BCH: 0.6504 | Cycle: 0.4455 | Identity: 0.5061
Epoch 148/200
Epoch 148: 100%|██████████| 207/207 [15:53<00:00,  4.61s/it, G=3.943, D_BCH=0.650, Cyc=0.436, Collapse=0]
  Gen: 3.9823 | Disc BCH: 0.6504 | Cycle: 0.4456 | Identity: 0.5060
Epoch 149/200
Epoch 149: 100%|██████████| 207/207 [15:54<00:00,  4.61s/it, G=3.976, D_BCH=0.650, Cyc=0.446, Collapse=0]
  Gen: 3.9855 | Disc BCH: 0.6504 | Cycle: 0.4456 | Identity: 0.5062
Epoch 150/200
Epoch 150: 100%|██████████| 207/207 [15:55<00:00,  4.62s/it, G=3.966, D_BCH=0.650, Cyc=0.447, Collapse=0]
  Gen: 3.9851 | Disc BCH: 0.6504 | Cycle: 0.4452 | Identity: 0.5062
  GPU Memory Usage:
    GPU 0: Current=1598MB, Peak=18297MB
    GPU 1: Current=106MB, Peak=2514MB
    GPU 2: Current=34MB, Peak=42MB
 Saving checkpoint at epoch 150
Epoch 151/200
Epoch 151: 100%|██████████| 207/207 [15:56<00:00,  4.62s/it, G=4.021, D_BCH=0.650, Cyc=0.459, Collapse=0]
  Gen: 3.9851 | Disc BCH: 0.6504 | Cycle: 0.4456 | Identity: 0.5061
Epoch 152/200
Epoch 152: 100%|██████████| 207/207 [15:53<00:00,  4.61s/it, G=3.941, D_BCH=0.650, Cyc=0.439, Collapse=0]
  Gen: 3.9818 | Disc BCH: 0.6504 | Cycle: 0.4451 | Identity: 0.5066
Epoch 153/200
Epoch 153: 100%|██████████| 207/207 [15:54<00:00,  4.61s/it, G=3.925, D_BCH=0.650, Cyc=0.432, Collapse=0]
  Gen: 3.9837 | Disc BCH: 0.6503 | Cycle: 0.4455 | Identity: 0.5062
Epoch 154/200
Epoch 154: 100%|██████████| 207/207 [15:53<00:00,  4.61s/it, G=4.011, D_BCH=0.650, Cyc=0.451, Collapse=0]
  Gen: 3.9756 | Disc BCH: 0.6504 | Cycle: 0.4442 | Identity: 0.5069
Epoch 155/200
Epoch 155: 100%|██████████| 207/207 [15:53<00:00,  4.61s/it, G=3.973, D_BCH=0.650, Cyc=0.443, Collapse=0]
  Gen: 3.9794 | Disc BCH: 0.6504 | Cycle: 0.4451 | Identity: 0.5063
Epoch 156/200
Epoch 156: 100%|██████████| 207/207 [15:54<00:00,  4.61s/it, G=3.934, D_BCH=0.650, Cyc=0.434, Collapse=0]
  Gen: 3.9790 | Disc BCH: 0.6504 | Cycle: 0.4452 | Identity: 0.5062
Epoch 157/200
Epoch 157: 100%|██████████| 207/207 [15:55<00:00,  4.62s/it, G=4.009, D_BCH=0.650, Cyc=0.451, Collapse=0]
  Gen: 3.9797 | Disc BCH: 0.6504 | Cycle: 0.4453 | Identity: 0.5062
Epoch 158/200
Epoch 158: 100%|██████████| 207/207 [15:56<00:00,  4.62s/it, G=3.952, D_BCH=0.650, Cyc=0.436, Collapse=0]
  Gen: 3.9808 | Disc BCH: 0.6503 | Cycle: 0.4456 | Identity: 0.5059
Epoch 159/200
Epoch 159: 100%|██████████| 207/207 [15:52<00:00,  4.60s/it, G=3.956, D_BCH=0.650, Cyc=0.437, Collapse=0]
  Gen: 3.9769 | Disc BCH: 0.6504 | Cycle: 0.4450 | Identity: 0.5061
Epoch 160/200
Epoch 160: 100%|██████████| 207/207 [15:55<00:00,  4.62s/it, G=4.028, D_BCH=0.650, Cyc=0.457, Collapse=0]
  Gen: 3.9825 | Disc BCH: 0.6503 | Cycle: 0.4462 | Identity: 0.5054
  GPU Memory Usage:
    GPU 0: Current=1593MB, Peak=18297MB
    GPU 1: Current=106MB, Peak=2514MB
    GPU 2: Current=34MB, Peak=42MB
Epoch 161/200
Epoch 161: 100%|██████████| 207/207 [15:53<00:00,  4.61s/it, G=3.952, D_BCH=0.650, Cyc=0.443, Collapse=0]
  Gen: 3.9793 | Disc BCH: 0.6504 | Cycle: 0.4456 | Identity: 0.5061
Epoch 162/200
Epoch 162: 100%|██████████| 207/207 [15:55<00:00,  4.61s/it, G=3.934, D_BCH=0.650, Cyc=0.439, Collapse=0]
  Gen: 3.9791 | Disc BCH: 0.6504 | Cycle: 0.4454 | Identity: 0.5060
Epoch 163/200
Epoch 163: 100%|██████████| 207/207 [15:59<00:00,  4.63s/it, G=3.955, D_BCH=0.650, Cyc=0.447, Collapse=0]
  Gen: 3.9762 | Disc BCH: 0.6503 | Cycle: 0.4445 | Identity: 0.5069
Epoch 164/200
Epoch 164: 100%|██████████| 207/207 [15:57<00:00,  4.63s/it, G=3.954, D_BCH=0.650, Cyc=0.432, Collapse=0]
  Gen: 3.9785 | Disc BCH: 0.6503 | Cycle: 0.4452 | Identity: 0.5063
Epoch 165/200
Epoch 165: 100%|██████████| 207/207 [15:57<00:00,  4.63s/it, G=3.931, D_BCH=0.651, Cyc=0.438, Collapse=0]
  Gen: 3.9764 | Disc BCH: 0.6504 | Cycle: 0.4449 | Identity: 0.5065
Epoch 166/200
Epoch 166: 100%|██████████| 207/207 [16:00<00:00,  4.64s/it, G=4.011, D_BCH=0.650, Cyc=0.453, Collapse=0]
  Gen: 3.9775 | Disc BCH: 0.6503 | Cycle: 0.4450 | Identity: 0.5064
Epoch 167/200
Epoch 167: 100%|██████████| 207/207 [15:55<00:00,  4.62s/it, G=3.987, D_BCH=0.651, Cyc=0.441, Collapse=0]
  Gen: 3.9778 | Disc BCH: 0.6504 | Cycle: 0.4451 | Identity: 0.5063
Epoch 168/200
Epoch 168: 100%|██████████| 207/207 [15:57<00:00,  4.62s/it, G=3.935, D_BCH=0.650, Cyc=0.436, Collapse=0]
  Gen: 3.9805 | Disc BCH: 0.6503 | Cycle: 0.4448 | Identity: 0.5070
Epoch 169/200
Epoch 169: 100%|██████████| 207/207 [15:54<00:00,  4.61s/it, G=3.950, D_BCH=0.650, Cyc=0.440, Collapse=0]
  Gen: 3.9764 | Disc BCH: 0.6503 | Cycle: 0.4449 | Identity: 0.5063
Epoch 170/200
Epoch 170: 100%|██████████| 207/207 [16:08<00:00,  4.68s/it, G=3.913, D_BCH=0.650, Cyc=0.432, Collapse=0]
  Gen: 3.9747 | Disc BCH: 0.6503 | Cycle: 0.4447 | Identity: 0.5063
  GPU Memory Usage:
    GPU 0: Current=1594MB, Peak=18297MB
    GPU 1: Current=106MB, Peak=2514MB
    GPU 2: Current=34MB, Peak=42MB
Epoch 171/200
Epoch 171: 100%|██████████| 207/207 [15:59<00:00,  4.63s/it, G=3.975, D_BCH=0.651, Cyc=0.447, Collapse=0]
  Gen: 3.9768 | Disc BCH: 0.6504 | Cycle: 0.4452 | Identity: 0.5067
Epoch 172/200
Epoch 172: 100%|██████████| 207/207 [16:01<00:00,  4.64s/it, G=3.965, D_BCH=0.650, Cyc=0.449, Collapse=0]
  Gen: 3.9790 | Disc BCH: 0.6503 | Cycle: 0.4453 | Identity: 0.5061
Epoch 173/200
Epoch 173: 100%|██████████| 207/207 [15:58<00:00,  4.63s/it, G=3.951, D_BCH=0.650, Cyc=0.441, Collapse=0]
  Gen: 3.9781 | Disc BCH: 0.6503 | Cycle: 0.4453 | Identity: 0.5064
Epoch 174/200
Epoch 174: 100%|██████████| 207/207 [15:57<00:00,  4.62s/it, G=3.969, D_BCH=0.650, Cyc=0.444, Collapse=0]
  Gen: 3.9785 | Disc BCH: 0.6503 | Cycle: 0.4455 | Identity: 0.5060
Epoch 175/200
Epoch 175: 100%|██████████| 207/207 [16:00<00:00,  4.64s/it, G=3.899, D_BCH=0.650, Cyc=0.430, Collapse=0]
  Gen: 3.9794 | Disc BCH: 0.6503 | Cycle: 0.4453 | Identity: 0.5059
 Saving checkpoint at epoch 175
Epoch 176/200
Epoch 176: 100%|██████████| 207/207 [15:57<00:00,  4.63s/it, G=3.909, D_BCH=0.650, Cyc=0.436, Collapse=0]
  Gen: 3.9773 | Disc BCH: 0.6503 | Cycle: 0.4450 | Identity: 0.5065
Epoch 177/200
Epoch 177: 100%|██████████| 207/207 [15:56<00:00,  4.62s/it, G=4.037, D_BCH=0.650, Cyc=0.456, Collapse=0]
  Gen: 3.9797 | Disc BCH: 0.6503 | Cycle: 0.4457 | Identity: 0.5060
Epoch 178/200
Epoch 178: 100%|██████████| 207/207 [15:56<00:00,  4.62s/it, G=3.956, D_BCH=0.651, Cyc=0.442, Collapse=0]
  Gen: 3.9818 | Disc BCH: 0.6503 | Cycle: 0.4459 | Identity: 0.5060
Epoch 179/200
Epoch 179: 100%|██████████| 207/207 [15:54<00:00,  4.61s/it, G=4.002, D_BCH=0.650, Cyc=0.453, Collapse=0]
  Gen: 4.0203 | Disc BCH: 0.6515 | Cycle: 0.4452 | Identity: 0.5061
Epoch 180/200
Epoch 180: 100%|██████████| 207/207 [15:56<00:00,  4.62s/it, G=4.049, D_BCH=0.650, Cyc=0.454, Collapse=0]
  Gen: 4.0288 | Disc BCH: 0.6504 | Cycle: 0.4453 | Identity: 0.5063
  GPU Memory Usage:
    GPU 0: Current=1598MB, Peak=18297MB
    GPU 1: Current=106MB, Peak=2514MB
    GPU 2: Current=34MB, Peak=42MB
Epoch 181/200
Epoch 181: 100%|██████████| 207/207 [15:58<00:00,  4.63s/it, G=4.041, D_BCH=0.650, Cyc=0.447, Collapse=0]
  Gen: 4.0299 | Disc BCH: 0.6505 | Cycle: 0.4448 | Identity: 0.5064
Epoch 182/200
Epoch 182: 100%|██████████| 207/207 [15:55<00:00,  4.62s/it, G=4.106, D_BCH=0.650, Cyc=0.461, Collapse=0]
  Gen: 4.0403 | Disc BCH: 0.6504 | Cycle: 0.4456 | Identity: 0.5063
Epoch 183/200
Epoch 183: 100%|██████████| 207/207 [15:57<00:00,  4.62s/it, G=3.970, D_BCH=0.650, Cyc=0.436, Collapse=0]
  Gen: 4.0367 | Disc BCH: 0.6504 | Cycle: 0.4449 | Identity: 0.5064
Epoch 184/200
Epoch 184: 100%|██████████| 207/207 [15:58<00:00,  4.63s/it, G=3.999, D_BCH=0.650, Cyc=0.437, Collapse=0]
  Gen: 4.0414 | Disc BCH: 0.6504 | Cycle: 0.4452 | Identity: 0.5065
Epoch 185/200
Epoch 185: 100%|██████████| 207/207 [15:58<00:00,  4.63s/it, G=4.012, D_BCH=0.650, Cyc=0.442, Collapse=0]
  Gen: 4.0372 | Disc BCH: 0.6504 | Cycle: 0.4450 | Identity: 0.5067
Epoch 186/200
Epoch 186: 100%|██████████| 207/207 [16:04<00:00,  4.66s/it, G=4.030, D_BCH=0.650, Cyc=0.451, Collapse=0]
  Gen: 4.0357 | Disc BCH: 0.6504 | Cycle: 0.4450 | Identity: 0.5064
Epoch 187/200
Epoch 187: 100%|██████████| 207/207 [16:04<00:00,  4.66s/it, G=4.013, D_BCH=0.650, Cyc=0.444, Collapse=0]
  Gen: 4.0354 | Disc BCH: 0.6504 | Cycle: 0.4448 | Identity: 0.5064
Epoch 188/200
Epoch 188: 100%|██████████| 207/207 [16:00<00:00,  4.64s/it, G=4.040, D_BCH=0.650, Cyc=0.449, Collapse=0]
  Gen: 4.0353 | Disc BCH: 0.6504 | Cycle: 0.4447 | Identity: 0.5068
Epoch 189/200
Epoch 189: 100%|██████████| 207/207 [16:00<00:00,  4.64s/it, G=3.994, D_BCH=0.650, Cyc=0.433, Collapse=0]
  Gen: 4.0359 | Disc BCH: 0.6504 | Cycle: 0.4455 | Identity: 0.5060
Epoch 190/200
Epoch 190: 100%|██████████| 207/207 [15:56<00:00,  4.62s/it, G=3.929, D_BCH=0.650, Cyc=0.423, Collapse=0]
  Gen: 4.0366 | Disc BCH: 0.6504 | Cycle: 0.4456 | Identity: 0.5060
  GPU Memory Usage:
    GPU 0: Current=1597MB, Peak=18297MB
    GPU 1: Current=106MB, Peak=2514MB
    GPU 2: Current=34MB, Peak=42MB
Epoch 191/200
Epoch 191: 100%|██████████| 207/207 [15:56<00:00,  4.62s/it, G=4.031, D_BCH=0.650, Cyc=0.443, Collapse=0]
  Gen: 4.0378 | Disc BCH: 0.6504 | Cycle: 0.4453 | Identity: 0.50632025-10-20 15:22:57.491443: E external/local_xla/xla/stream_executor/cuda/cuda_fft.cc:485] Unable to register cuFFT factory: Attempting to register factory for plugin cuFFT when one has already been registered
2025-10-20 15:22:57.508958: E external/local_xla/xla/stream_executor/cuda/cuda_dnn.cc:8454] Unable to register cuDNN factory: Attempting to register factory for plugin cuDNN when one has already been registered
2025-10-20 15:22:57.517273: E external/local_xla/xla/stream_executor/cuda/cuda_blas.cc:1452] Unable to register cuBLAS factory: Attempting to register factory for plugin cuBLAS when one has already been registered
2025-10-20 15:23:03.584714: W tensorflow/compiler/tf2tensorrt/utils/py_utils.cc:38] TF-TRT Warning: Could not find TensorRT
mkdir -p failed for path /net/fnndsc/neuro/users.NR/daniel.barrerasmeraz/.config/matplotlib: [Errno 13] Permission denied: '/net/fnndsc/neuro/users.NR/daniel.barrerasmeraz'
Matplotlib created a temporary cache directory at /tmp/matplotlib-bg0th5xr because there was an issue with the default path (/net/fnndsc/neuro/users.NR/daniel.barrerasmeraz/.config/matplotlib); it is highly recommended to set the MPLCONFIGDIR environment variable to a writable directory, in particular to speed up the import of Matplotlib and to better support multiprocessing.
================================================================================
FIXED FETAL BRAIN 2D CYCLEGAN - MULTI-GPU SUPPORT
================================================================================
TensorFlow version: 2.17.0
GPUs available: 3
================================================================================
================================================================================
CONFIGURATION
================================================================================
  train_data: processed_data_4slice/train_4slice_data.pkl
  val_data: processed_data_4slice/val_4slice_data.pkl
  reference_site: BCH_CHD
  ga_embedding_dim: 16
  epochs: 200
  batch_size: 32
  lr: 0.0001
  beta_1: 0.5
  gradient_accumulation_steps: 4
  resume_epoch: None
  weight_dir: ./weights/cyclegan_2d
  result_dir: ./results/cyclegan_2d
  log_dir: ./logs/cyclegan_2d
  save_freq: 25
  gpu: 2,1,0
  multi_gpu_strategy: model_parallel
================================================================================
✓ Configured 3 GPU(s) with memory growth: True
✓ Available GPUs: ['/physical_device:GPU:0', '/physical_device:GPU:1', '/physical_device:GPU:2']
Using model parallelism across 3 GPUs
================================================================================
LOADING DATA
================================================================================
Loading data from: processed_data_4slice/train_4slice_data.pkl
  Images: (14624, 138, 176, 1), dtype: float32
  GA range: nan - nan weeks
  Sites: ['BCH_CHD' 'BCH_Placenta' 'HBCD_Site5_Arkansas_UNC'
 'HBCD_Site6_Cincinnati' 'VGH_Unknown' 'dHCP']
  Replacing 236 NaN GA values
Creating datasets for 6 sites:
  BCH_CHD: 6636 slices
  BCH_Placenta: 2400 slices
  HBCD_Site5_Arkansas_UNC: 368 slices
  HBCD_Site6_Cincinnati: 192 slices
  VGH_Unknown: 220 slices
  dHCP: 4808 slices
Reference: BCH_CHD
Targets: ['BCH_Placenta', 'HBCD_Site5_Arkansas_UNC', 'HBCD_Site6_Cincinnati', 'VGH_Unknown', 'dHCP']
================================================================================
BUILDING MODEL
================================================================================
Building CORRECTED CycleGAN:
  - 1 forward generator (site→BCH)
  - 5 backward generators (BCH→site, one per site)
  - 6 discriminators (BCH + 5 sites)
  - Using 3 GPUs
  GPU Assignment:
    Generators → /GPU:0
    Disc BCH → /GPU:1
    Disc Sites → /GPU:2
    Backward gen BCH→BCH_Placenta created
    Backward gen BCH→HBCD_Site5_Arkansas_UNC created
    Backward gen BCH→HBCD_Site6_Cincinnati created
    Backward gen BCH→VGH_Unknown created
    Backward gen BCH→dHCP created
    Disc BCH_Placenta → /GPU:0
    Disc HBCD_Site5_Arkansas_UNC → /GPU:1
    Disc HBCD_Site6_Cincinnati → /GPU:2
    Disc VGH_Unknown → /GPU:0
    Disc dHCP → /GPU:1
Model compiled
  Gen site→BCH parameters: 1,965,041
  Gen BCH→site parameters: 1,965,041 × 5
  Disc BCH parameters: 2,766,833
  Disc per-site parameters: 2,766,833 × 5
================================================================================
CREATING DATASETS
================================================================================
  BCH_CHD: 6636 slices
  BCH_Placenta: 2400 slices
  HBCD_Site5_Arkansas_UNC: 368 slices
  HBCD_Site6_Cincinnati: 192 slices
  VGH_Unknown: 220 slices
  dHCP: 4808 slices
================================================================================
STARTING TRAINING WITH SAFETY CHECKS
================================================================================
Epochs: 200
Batch size: 32
Learning rate: 0.0001
================================================================================
Epoch 1/200
Epoch 1: 100%|██████████| 207/207 [16:23<00:00,  4.75s/it, G=4.021, D_BCH=0.654, Cyc=0.437, Collapse=0]
  Gen: 4.2896 | Disc BCH: 0.7020 | Cycle: 0.4525 | Identity: 0.5163
Epoch 2/200
Epoch 2: 100%|██████████| 207/207 [16:22<00:00,  4.74s/it, G=4.072, D_BCH=0.653, Cyc=0.440, Collapse=0]
  Gen: 4.1233 | Disc BCH: 0.6532 | Cycle: 0.4448 | Identity: 0.5066
Epoch 3/200
Epoch 3: 100%|██████████| 207/207 [15:56<00:00,  4.62s/it, G=4.134, D_BCH=0.653, Cyc=0.443, Collapse=0]
  Gen: 4.0972 | Disc BCH: 0.6694 | Cycle: 0.4455 | Identity: 0.5057
Epoch 4/200
Epoch 4: 100%|██████████| 207/207 [16:00<00:00,  4.64s/it, G=4.226, D_BCH=0.653, Cyc=0.448, Collapse=0]
  Gen: 4.1814 | Disc BCH: 0.6614 | Cycle: 0.4472 | Identity: 0.5090
Epoch 5/200
Epoch 5: 100%|██████████| 207/207 [16:05<00:00,  4.66s/it, G=4.192, D_BCH=0.651, Cyc=0.452, Collapse=0]
  Gen: 4.1513 | Disc BCH: 0.6519 | Cycle: 0.4457 | Identity: 0.5062
Epoch 6/200
Epoch 6: 100%|██████████| 207/207 [16:17<00:00,  4.72s/it, G=4.082, D_BCH=0.651, Cyc=0.444, Collapse=0]
  Gen: 4.1291 | Disc BCH: 0.6515 | Cycle: 0.4454 | Identity: 0.5063
Epoch 7/200
Epoch 7: 100%|██████████| 207/207 [16:06<00:00,  4.67s/it, G=4.144, D_BCH=0.651, Cyc=0.453, Collapse=0]
  Gen: 4.1183 | Disc BCH: 0.6513 | Cycle: 0.4461 | Identity: 0.5057
Epoch 8/200
Epoch 8: 100%|██████████| 207/207 [16:05<00:00,  4.66s/it, G=4.100, D_BCH=0.651, Cyc=0.447, Collapse=0]
  Gen: 4.1267 | Disc BCH: 0.6510 | Cycle: 0.4454 | Identity: 0.5059
Epoch 9/200
Epoch 9: 100%|██████████| 207/207 [16:03<00:00,  4.66s/it, G=4.131, D_BCH=0.651, Cyc=0.440, Collapse=0]
  Gen: 4.1231 | Disc BCH: 0.6510 | Cycle: 0.4455 | Identity: 0.5056
Epoch 10/200
Epoch 10: 100%|██████████| 207/207 [15:58<00:00,  4.63s/it, G=4.171, D_BCH=0.651, Cyc=0.449, Collapse=0]
  Gen: 4.1164 | Disc BCH: 0.6509 | Cycle: 0.4457 | Identity: 0.5049
  GPU Memory Usage:
    GPU 0: Current=1595MB, Peak=18297MB
    GPU 1: Current=106MB, Peak=2514MB
    GPU 2: Current=34MB, Peak=42MB
Epoch 11/200
Epoch 11: 100%|██████████| 207/207 [16:07<00:00,  4.67s/it, G=4.095, D_BCH=0.651, Cyc=0.442, Collapse=0]
  Gen: 4.1175 | Disc BCH: 0.6510 | Cycle: 0.4454 | Identity: 0.5050
Epoch 12/200
Epoch 12: 100%|██████████| 207/207 [16:08<00:00,  4.68s/it, G=4.007, D_BCH=0.651, Cyc=0.432, Collapse=0]
  Gen: 4.1163 | Disc BCH: 0.6510 | Cycle: 0.4449 | Identity: 0.5053
Epoch 13/200
Epoch 13: 100%|██████████| 207/207 [15:55<00:00,  4.62s/it, G=4.194, D_BCH=0.652, Cyc=0.446, Collapse=0]
  Gen: 4.1154 | Disc BCH: 0.6509 | Cycle: 0.4450 | Identity: 0.5054
Epoch 14/200
Epoch 14: 100%|██████████| 207/207 [16:19<00:00,  4.73s/it, G=4.118, D_BCH=0.651, Cyc=0.450, Collapse=0]
  Gen: 4.1086 | Disc BCH: 0.6509 | Cycle: 0.4459 | Identity: 0.5048
Epoch 15/200
Epoch 15: 100%|██████████| 207/207 [15:56<00:00,  4.62s/it, G=4.089, D_BCH=0.651, Cyc=0.431, Collapse=0]
  Gen: 4.1031 | Disc BCH: 0.6509 | Cycle: 0.4454 | Identity: 0.5050
Epoch 16/200
Epoch 16: 100%|██████████| 207/207 [15:56<00:00,  4.62s/it, G=4.228, D_BCH=0.651, Cyc=0.459, Collapse=0]
  Gen: 4.1292 | Disc BCH: 0.6549 | Cycle: 0.4455 | Identity: 0.5052
Epoch 17/200
Epoch 17: 100%|██████████| 207/207 [15:51<00:00,  4.60s/it, G=4.046, D_BCH=0.651, Cyc=0.432, Collapse=0]
  Gen: 4.1381 | Disc BCH: 0.6508 | Cycle: 0.4448 | Identity: 0.5065
Epoch 18/200
Epoch 18: 100%|██████████| 207/207 [15:51<00:00,  4.60s/it, G=4.077, D_BCH=0.650, Cyc=0.436, Collapse=0]
  Gen: 4.1226 | Disc BCH: 0.6507 | Cycle: 0.4453 | Identity: 0.5064
Epoch 19/200
Epoch 19: 100%|██████████| 207/207 [15:51<00:00,  4.60s/it, G=4.065, D_BCH=0.650, Cyc=0.441, Collapse=0]
  Gen: 4.0973 | Disc BCH: 0.6508 | Cycle: 0.4439 | Identity: 0.5071
Epoch 20/200
Epoch 20: 100%|██████████| 207/207 [15:51<00:00,  4.60s/it, G=4.000, D_BCH=0.651, Cyc=0.436, Collapse=0]
  Gen: 4.0871 | Disc BCH: 0.6507 | Cycle: 0.4452 | Identity: 0.5062
  GPU Memory Usage:
    GPU 0: Current=1595MB, Peak=18297MB
    GPU 1: Current=106MB, Peak=2514MB
    GPU 2: Current=34MB, Peak=42MB
Epoch 21/200
Epoch 21: 100%|██████████| 207/207 [15:51<00:00,  4.60s/it, G=4.102, D_BCH=0.651, Cyc=0.456, Collapse=0]
  Gen: 4.0683 | Disc BCH: 0.6507 | Cycle: 0.4446 | Identity: 0.5062
Epoch 22/200
Epoch 22: 100%|██████████| 207/207 [15:53<00:00,  4.60s/it, G=4.082, D_BCH=0.651, Cyc=0.446, Collapse=0]
  Gen: 4.0583 | Disc BCH: 0.6507 | Cycle: 0.4458 | Identity: 0.5063
Epoch 23/200
Epoch 23: 100%|██████████| 207/207 [15:50<00:00,  4.59s/it, G=4.020, D_BCH=0.651, Cyc=0.454, Collapse=0]
  Gen: 4.0454 | Disc BCH: 0.6507 | Cycle: 0.4452 | Identity: 0.5061
Epoch 24/200
Epoch 24: 100%|██████████| 207/207 [15:50<00:00,  4.59s/it, G=4.050, D_BCH=0.651, Cyc=0.458, Collapse=0]
  Gen: 4.0344 | Disc BCH: 0.6507 | Cycle: 0.4457 | Identity: 0.5059
Epoch 25/200
Epoch 25: 100%|██████████| 207/207 [15:49<00:00,  4.59s/it, G=4.006, D_BCH=0.650, Cyc=0.442, Collapse=0]
  Gen: 4.0233 | Disc BCH: 0.6507 | Cycle: 0.4452 | Identity: 0.5066
 Saving checkpoint at epoch 25
Epoch 26/200
Epoch 26: 100%|██████████| 207/207 [15:49<00:00,  4.59s/it, G=4.011, D_BCH=0.650, Cyc=0.445, Collapse=0]
  Gen: 4.0191 | Disc BCH: 0.6507 | Cycle: 0.4453 | Identity: 0.5067
Epoch 27/200
Epoch 27: 100%|██████████| 207/207 [15:50<00:00,  4.59s/it, G=4.056, D_BCH=0.650, Cyc=0.456, Collapse=0]
  Gen: 4.0093 | Disc BCH: 0.6506 | Cycle: 0.4448 | Identity: 0.5064
Epoch 28/200
Epoch 28: 100%|██████████| 207/207 [15:48<00:00,  4.58s/it, G=3.964, D_BCH=0.651, Cyc=0.441, Collapse=0]
  Gen: 4.0058 | Disc BCH: 0.6506 | Cycle: 0.4449 | Identity: 0.5066
Epoch 29/200
Epoch 29: 100%|██████████| 207/207 [15:47<00:00,  4.58s/it, G=4.092, D_BCH=0.652, Cyc=0.458, Collapse=0]
  Gen: 4.0009 | Disc BCH: 0.6507 | Cycle: 0.4456 | Identity: 0.5061
Epoch 30/200
Epoch 30: 100%|██████████| 207/207 [15:47<00:00,  4.58s/it, G=3.989, D_BCH=0.665, Cyc=0.437, Collapse=0]
  Gen: 4.0054 | Disc BCH: 0.6625 | Cycle: 0.4444 | Identity: 0.5068
  GPU Memory Usage:
    GPU 0: Current=1597MB, Peak=18297MB
    GPU 1: Current=106MB, Peak=2514MB
    GPU 2: Current=34MB, Peak=42MB
Epoch 31/200
Epoch 31: 100%|██████████| 207/207 [15:47<00:00,  4.58s/it, G=4.048, D_BCH=0.651, Cyc=0.454, Collapse=0]
  Gen: 4.0536 | Disc BCH: 0.6519 | Cycle: 0.4458 | Identity: 0.5058
Epoch 32/200
Epoch 32: 100%|██████████| 207/207 [15:48<00:00,  4.58s/it, G=4.046, D_BCH=0.651, Cyc=0.449, Collapse=0]
  Gen: 4.0552 | Disc BCH: 0.6507 | Cycle: 0.4452 | Identity: 0.5065
Epoch 33/200
Epoch 33: 100%|██████████| 207/207 [15:52<00:00,  4.60s/it, G=4.019, D_BCH=0.651, Cyc=0.439, Collapse=0]
  Gen: 4.0585 | Disc BCH: 0.6508 | Cycle: 0.4453 | Identity: 0.5062
Epoch 34/200
Epoch 34: 100%|██████████| 207/207 [15:49<00:00,  4.59s/it, G=4.046, D_BCH=0.651, Cyc=0.438, Collapse=0]
  Gen: 4.0584 | Disc BCH: 0.6507 | Cycle: 0.4458 | Identity: 0.5061
Epoch 35/200
Epoch 35: 100%|██████████| 207/207 [15:51<00:00,  4.60s/it, G=4.066, D_BCH=0.651, Cyc=0.452, Collapse=0]
  Gen: 4.0564 | Disc BCH: 0.6508 | Cycle: 0.4448 | Identity: 0.5067
Epoch 36/200
Epoch 36: 100%|██████████| 207/207 [15:50<00:00,  4.59s/it, G=4.114, D_BCH=0.650, Cyc=0.455, Collapse=0]
  Gen: 4.0567 | Disc BCH: 0.6508 | Cycle: 0.4451 | Identity: 0.5063
Epoch 37/200
Epoch 37: 100%|██████████| 207/207 [15:58<00:00,  4.63s/it, G=4.032, D_BCH=0.651, Cyc=0.439, Collapse=0]
  Gen: 4.0515 | Disc BCH: 0.6507 | Cycle: 0.4451 | Identity: 0.5067
Epoch 38/200
Epoch 38: 100%|██████████| 207/207 [15:49<00:00,  4.59s/it, G=4.020, D_BCH=0.651, Cyc=0.443, Collapse=0]
  Gen: 4.0499 | Disc BCH: 0.6507 | Cycle: 0.4445 | Identity: 0.5064
Epoch 39/200
Epoch 39: 100%|██████████| 207/207 [15:52<00:00,  4.60s/it, G=4.040, D_BCH=0.651, Cyc=0.444, Collapse=0]
  Gen: 4.0496 | Disc BCH: 0.6508 | Cycle: 0.4445 | Identity: 0.5068
Epoch 40/200
Epoch 40: 100%|██████████| 207/207 [15:49<00:00,  4.59s/it, G=4.011, D_BCH=0.650, Cyc=0.443, Collapse=0]
  Gen: 4.0447 | Disc BCH: 0.6507 | Cycle: 0.4439 | Identity: 0.5073
  GPU Memory Usage:
    GPU 0: Current=1599MB, Peak=18297MB
    GPU 1: Current=106MB, Peak=2514MB
    GPU 2: Current=34MB, Peak=42MB
Epoch 41/200
Epoch 41: 100%|██████████| 207/207 [15:50<00:00,  4.59s/it, G=4.093, D_BCH=0.651, Cyc=0.462, Collapse=0]
  Gen: 4.0442 | Disc BCH: 0.6508 | Cycle: 0.4454 | Identity: 0.5062
Epoch 42/200
Epoch 42: 100%|██████████| 207/207 [15:49<00:00,  4.59s/it, G=4.005, D_BCH=0.651, Cyc=0.435, Collapse=0]
  Gen: 4.0458 | Disc BCH: 0.6507 | Cycle: 0.4458 | Identity: 0.5061
Epoch 43/200
Epoch 43: 100%|██████████| 207/207 [15:57<00:00,  4.63s/it, G=4.011, D_BCH=0.650, Cyc=0.442, Collapse=0]
  Gen: 4.0358 | Disc BCH: 0.6507 | Cycle: 0.4448 | Identity: 0.5067
Epoch 44/200
Epoch 44: 100%|██████████| 207/207 [15:50<00:00,  4.59s/it, G=3.997, D_BCH=0.650, Cyc=0.437, Collapse=0]
  Gen: 4.0293 | Disc BCH: 0.6507 | Cycle: 0.4444 | Identity: 0.5065
Epoch 45/200
Epoch 45: 100%|██████████| 207/207 [15:53<00:00,  4.60s/it, G=4.057, D_BCH=0.651, Cyc=0.458, Collapse=0]
  Gen: 4.0305 | Disc BCH: 0.6509 | Cycle: 0.4451 | Identity: 0.5065
Epoch 46/200
Epoch 46: 100%|██████████| 207/207 [15:54<00:00,  4.61s/it, G=3.999, D_BCH=0.651, Cyc=0.434, Collapse=0]
  Gen: 4.0260 | Disc BCH: 0.6505 | Cycle: 0.4448 | Identity: 0.5067
Epoch 47/200
Epoch 47: 100%|██████████| 207/207 [15:52<00:00,  4.60s/it, G=4.023, D_BCH=0.650, Cyc=0.448, Collapse=0]
  Gen: 4.0229 | Disc BCH: 0.6506 | Cycle: 0.4455 | Identity: 0.5060
Epoch 48/200
Epoch 48: 100%|██████████| 207/207 [16:19<00:00,  4.73s/it, G=4.058, D_BCH=0.650, Cyc=0.453, Collapse=0]
  Gen: 4.0181 | Disc BCH: 0.6506 | Cycle: 0.4444 | Identity: 0.5069
Epoch 49/200
Epoch 49: 100%|██████████| 207/207 [16:15<00:00,  4.71s/it, G=4.027, D_BCH=0.650, Cyc=0.448, Collapse=0]
  Gen: 4.0199 | Disc BCH: 0.6506 | Cycle: 0.4451 | Identity: 0.5065
Epoch 50/200
Epoch 50: 100%|██████████| 207/207 [15:57<00:00,  4.63s/it, G=3.997, D_BCH=0.650, Cyc=0.441, Collapse=0]
  Gen: 4.0157 | Disc BCH: 0.6507 | Cycle: 0.4455 | Identity: 0.5062
  GPU Memory Usage:
    GPU 0: Current=1595MB, Peak=18297MB
    GPU 1: Current=106MB, Peak=2514MB
    GPU 2: Current=34MB, Peak=42MB
 Saving checkpoint at epoch 50
Epoch 51/200
Epoch 51: 100%|██████████| 207/207 [16:06<00:00,  4.67s/it, G=3.977, D_BCH=0.650, Cyc=0.430, Collapse=0]
  Gen: 4.0221 | Disc BCH: 0.6506 | Cycle: 0.4460 | Identity: 0.5058
Epoch 52/200
Epoch 52: 100%|██████████| 207/207 [15:50<00:00,  4.59s/it, G=4.006, D_BCH=0.650, Cyc=0.443, Collapse=0]
  Gen: 4.0165 | Disc BCH: 0.6506 | Cycle: 0.4448 | Identity: 0.5065
Epoch 53/200
Epoch 53: 100%|██████████| 207/207 [15:47<00:00,  4.58s/it, G=3.955, D_BCH=0.650, Cyc=0.439, Collapse=0]
  Gen: 4.0144 | Disc BCH: 0.6506 | Cycle: 0.4451 | Identity: 0.5064
Epoch 54/200
Epoch 54: 100%|██████████| 207/207 [15:57<00:00,  4.63s/it, G=3.981, D_BCH=0.650, Cyc=0.437, Collapse=0]
  Gen: 4.0141 | Disc BCH: 0.6506 | Cycle: 0.4455 | Identity: 0.5061
Epoch 55/200
Epoch 55: 100%|██████████| 207/207 [15:50<00:00,  4.59s/it, G=4.007, D_BCH=0.651, Cyc=0.449, Collapse=0]
  Gen: 4.0128 | Disc BCH: 0.6506 | Cycle: 0.4449 | Identity: 0.5067
Epoch 56/200
Epoch 56: 100%|██████████| 207/207 [15:49<00:00,  4.59s/it, G=4.034, D_BCH=0.650, Cyc=0.455, Collapse=0]
  Gen: 4.0091 | Disc BCH: 0.6506 | Cycle: 0.4451 | Identity: 0.5062
Epoch 57/200
Epoch 57: 100%|██████████| 207/207 [15:52<00:00,  4.60s/it, G=4.004, D_BCH=0.650, Cyc=0.452, Collapse=0]
  Gen: 4.0028 | Disc BCH: 0.6506 | Cycle: 0.4450 | Identity: 0.5063
Epoch 58/200
Epoch 58: 100%|██████████| 207/207 [15:51<00:00,  4.59s/it, G=4.025, D_BCH=0.650, Cyc=0.447, Collapse=0]
  Gen: 4.0044 | Disc BCH: 0.6506 | Cycle: 0.4448 | Identity: 0.5066
Epoch 59/200
Epoch 59: 100%|██████████| 207/207 [15:49<00:00,  4.59s/it, G=3.956, D_BCH=0.650, Cyc=0.441, Collapse=0]
  Gen: 4.0002 | Disc BCH: 0.6506 | Cycle: 0.4457 | Identity: 0.5060
Epoch 60/200
Epoch 60: 100%|██████████| 207/207 [15:48<00:00,  4.58s/it, G=3.986, D_BCH=0.650, Cyc=0.451, Collapse=0]
  Gen: 3.9937 | Disc BCH: 0.6506 | Cycle: 0.4446 | Identity: 0.5065
  GPU Memory Usage:
    GPU 0: Current=1594MB, Peak=18297MB
    GPU 1: Current=106MB, Peak=2514MB
    GPU 2: Current=34MB, Peak=42MB
Epoch 61/200
Epoch 61: 100%|██████████| 207/207 [15:50<00:00,  4.59s/it, G=3.970, D_BCH=0.651, Cyc=0.444, Collapse=0]
  Gen: 3.9909 | Disc BCH: 0.6506 | Cycle: 0.4456 | Identity: 0.5061
Epoch 62/200
Epoch 62: 100%|██████████| 207/207 [15:51<00:00,  4.60s/it, G=3.941, D_BCH=0.650, Cyc=0.430, Collapse=0]
  Gen: 3.9922 | Disc BCH: 0.6505 | Cycle: 0.4447 | Identity: 0.5068
Epoch 63/200
Epoch 63: 100%|██████████| 207/207 [15:53<00:00,  4.61s/it, G=4.075, D_BCH=0.650, Cyc=0.465, Collapse=0]
  Gen: 3.9979 | Disc BCH: 0.6505 | Cycle: 0.4463 | Identity: 0.5055
Epoch 64/200
Epoch 64: 100%|██████████| 207/207 [15:50<00:00,  4.59s/it, G=3.927, D_BCH=0.650, Cyc=0.425, Collapse=0]
  Gen: 3.9897 | Disc BCH: 0.6506 | Cycle: 0.4454 | Identity: 0.5061
Epoch 65/200
Epoch 65: 100%|██████████| 207/207 [15:50<00:00,  4.59s/it, G=4.009, D_BCH=0.651, Cyc=0.455, Collapse=0]
  Gen: 3.9909 | Disc BCH: 0.6505 | Cycle: 0.4458 | Identity: 0.5058
Epoch 66/200
Epoch 66: 100%|██████████| 207/207 [15:50<00:00,  4.59s/it, G=4.010, D_BCH=0.651, Cyc=0.449, Collapse=0]
  Gen: 3.9895 | Disc BCH: 0.6506 | Cycle: 0.4448 | Identity: 0.5067
Epoch 67/200
Epoch 67: 100%|██████████| 207/207 [15:52<00:00,  4.60s/it, G=3.930, D_BCH=0.650, Cyc=0.433, Collapse=0]
  Gen: 3.9842 | Disc BCH: 0.6506 | Cycle: 0.4444 | Identity: 0.5066
Epoch 68/200
Epoch 68: 100%|██████████| 207/207 [15:53<00:00,  4.61s/it, G=3.978, D_BCH=0.651, Cyc=0.446, Collapse=0]
  Gen: 3.9835 | Disc BCH: 0.6505 | Cycle: 0.4457 | Identity: 0.5058
Epoch 69/200
Epoch 69: 100%|██████████| 207/207 [15:53<00:00,  4.60s/it, G=3.928, D_BCH=0.651, Cyc=0.433, Collapse=0]
  Gen: 3.9850 | Disc BCH: 0.6505 | Cycle: 0.4456 | Identity: 0.5062
Epoch 70/200
Epoch 70: 100%|██████████| 207/207 [15:54<00:00,  4.61s/it, G=3.992, D_BCH=0.650, Cyc=0.447, Collapse=0]
  Gen: 3.9839 | Disc BCH: 0.6505 | Cycle: 0.4451 | Identity: 0.5065
  GPU Memory Usage:
    GPU 0: Current=1597MB, Peak=18297MB
    GPU 1: Current=106MB, Peak=2514MB
    GPU 2: Current=34MB, Peak=42MB
Epoch 71/200
Epoch 71: 100%|██████████| 207/207 [15:54<00:00,  4.61s/it, G=3.932, D_BCH=0.650, Cyc=0.431, Collapse=0]
  Gen: 3.9818 | Disc BCH: 0.6505 | Cycle: 0.4453 | Identity: 0.5062
Epoch 72/200
Epoch 72: 100%|██████████| 207/207 [15:59<00:00,  4.64s/it, G=3.999, D_BCH=0.650, Cyc=0.458, Collapse=0]
  Gen: 3.9804 | Disc BCH: 0.6506 | Cycle: 0.4448 | Identity: 0.5067
Epoch 73/200
Epoch 73: 100%|██████████| 207/207 [15:55<00:00,  4.62s/it, G=4.017, D_BCH=0.651, Cyc=0.460, Collapse=0]
  Gen: 3.9769 | Disc BCH: 0.6505 | Cycle: 0.4447 | Identity: 0.5065
Epoch 74/200
Epoch 74: 100%|██████████| 207/207 [15:56<00:00,  4.62s/it, G=3.957, D_BCH=0.650, Cyc=0.439, Collapse=0]
  Gen: 3.9810 | Disc BCH: 0.6505 | Cycle: 0.4458 | Identity: 0.5062
Epoch 75/200
Epoch 75: 100%|██████████| 207/207 [15:49<00:00,  4.59s/it, G=3.985, D_BCH=0.650, Cyc=0.446, Collapse=0]
  Gen: 3.9730 | Disc BCH: 0.6505 | Cycle: 0.4441 | Identity: 0.5069
 Saving checkpoint at epoch 75
Epoch 76/200
Epoch 76: 100%|██████████| 207/207 [15:52<00:00,  4.60s/it, G=4.010, D_BCH=0.650, Cyc=0.453, Collapse=0]
  Gen: 3.9749 | Disc BCH: 0.6505 | Cycle: 0.4456 | Identity: 0.5061
Epoch 77/200
Epoch 77: 100%|██████████| 207/207 [15:49<00:00,  4.59s/it, G=4.002, D_BCH=0.650, Cyc=0.454, Collapse=0]
  Gen: 3.9691 | Disc BCH: 0.6505 | Cycle: 0.4451 | Identity: 0.5063
Epoch 78/200
Epoch 78: 100%|██████████| 207/207 [15:49<00:00,  4.59s/it, G=3.977, D_BCH=0.650, Cyc=0.441, Collapse=0]
  Gen: 3.9693 | Disc BCH: 0.6505 | Cycle: 0.4450 | Identity: 0.5063
Epoch 79/200
Epoch 79: 100%|██████████| 207/207 [15:49<00:00,  4.59s/it, G=3.940, D_BCH=0.650, Cyc=0.441, Collapse=0]
  Gen: 3.9709 | Disc BCH: 0.6505 | Cycle: 0.4452 | Identity: 0.5063
Epoch 80/200
Epoch 80: 100%|██████████| 207/207 [16:04<00:00,  4.66s/it, G=3.907, D_BCH=0.650, Cyc=0.433, Collapse=0]
  Gen: 3.9758 | Disc BCH: 0.6505 | Cycle: 0.4459 | Identity: 0.5057
  GPU Memory Usage:
    GPU 0: Current=1596MB, Peak=18297MB
    GPU 1: Current=106MB, Peak=2514MB
    GPU 2: Current=34MB, Peak=42MB
Epoch 81/200
Epoch 81: 100%|██████████| 207/207 [16:00<00:00,  4.64s/it, G=3.927, D_BCH=0.650, Cyc=0.436, Collapse=0]
  Gen: 3.9698 | Disc BCH: 0.6505 | Cycle: 0.4447 | Identity: 0.5065
Epoch 82/200
Epoch 82: 100%|██████████| 207/207 [15:57<00:00,  4.62s/it, G=3.954, D_BCH=0.650, Cyc=0.438, Collapse=0]
  Gen: 3.9735 | Disc BCH: 0.6505 | Cycle: 0.4451 | Identity: 0.5062
Epoch 83/200
Epoch 83: 100%|██████████| 207/207 [15:59<00:00,  4.64s/it, G=3.984, D_BCH=0.650, Cyc=0.447, Collapse=0]
  Gen: 3.9733 | Disc BCH: 0.6505 | Cycle: 0.4447 | Identity: 0.5064
Epoch 84/200
Epoch 84: 100%|██████████| 207/207 [16:04<00:00,  4.66s/it, G=3.942, D_BCH=0.650, Cyc=0.436, Collapse=0]
  Gen: 3.9737 | Disc BCH: 0.6505 | Cycle: 0.4450 | Identity: 0.5063
Epoch 85/200
Epoch 85: 100%|██████████| 207/207 [16:08<00:00,  4.68s/it, G=3.934, D_BCH=0.651, Cyc=0.441, Collapse=0]
  Gen: 3.9709 | Disc BCH: 0.6504 | Cycle: 0.4441 | Identity: 0.5069
Epoch 86/200
Epoch 86: 100%|██████████| 207/207 [16:12<00:00,  4.70s/it, G=3.982, D_BCH=0.650, Cyc=0.449, Collapse=0]
  Gen: 3.9707 | Disc BCH: 0.6505 | Cycle: 0.4459 | Identity: 0.5060
Epoch 87/200
Epoch 87: 100%|██████████| 207/207 [16:05<00:00,  4.67s/it, G=3.964, D_BCH=0.650, Cyc=0.443, Collapse=0]
  Gen: 3.9962 | Disc BCH: 0.6505 | Cycle: 0.4452 | Identity: 0.5067
Epoch 88/200
Epoch 88: 100%|██████████| 207/207 [16:00<00:00,  4.64s/it, G=4.045, D_BCH=0.650, Cyc=0.445, Collapse=0]
  Gen: 4.0450 | Disc BCH: 0.6531 | Cycle: 0.4456 | Identity: 0.5059
Epoch 89/200
Epoch 89: 100%|██████████| 207/207 [16:07<00:00,  4.67s/it, G=4.024, D_BCH=0.650, Cyc=0.441, Collapse=0]
  Gen: 4.0541 | Disc BCH: 0.6504 | Cycle: 0.4451 | Identity: 0.5063
Epoch 90/200
Epoch 90: 100%|██████████| 207/207 [15:59<00:00,  4.63s/it, G=4.059, D_BCH=0.650, Cyc=0.445, Collapse=0]
  Gen: 4.0553 | Disc BCH: 0.6504 | Cycle: 0.4458 | Identity: 0.5060
  GPU Memory Usage:
    GPU 0: Current=1597MB, Peak=18297MB
    GPU 1: Current=106MB, Peak=2514MB
    GPU 2: Current=34MB, Peak=42MB
Epoch 91/200
Epoch 91: 100%|██████████| 207/207 [16:03<00:00,  4.65s/it, G=4.050, D_BCH=0.650, Cyc=0.447, Collapse=0]
  Gen: 4.0576 | Disc BCH: 0.6505 | Cycle: 0.4463 | Identity: 0.5058
Epoch 92/200
Epoch 92: 100%|██████████| 207/207 [15:56<00:00,  4.62s/it, G=3.971, D_BCH=0.650, Cyc=0.419, Collapse=0]
  Gen: 4.0500 | Disc BCH: 0.6505 | Cycle: 0.4454 | Identity: 0.5063
Epoch 93/200
Epoch 93: 100%|██████████| 207/207 [16:07<00:00,  4.67s/it, G=3.998, D_BCH=0.651, Cyc=0.439, Collapse=0]
  Gen: 4.0514 | Disc BCH: 0.6505 | Cycle: 0.4459 | Identity: 0.5058
Epoch 94/200
Epoch 94: 100%|██████████| 207/207 [15:59<00:00,  4.63s/it, G=4.048, D_BCH=0.650, Cyc=0.446, Collapse=0]
  Gen: 4.0536 | Disc BCH: 0.6505 | Cycle: 0.4456 | Identity: 0.5062
Epoch 95/200
Epoch 95: 100%|██████████| 207/207 [16:10<00:00,  4.69s/it, G=4.031, D_BCH=0.651, Cyc=0.439, Collapse=0]
  Gen: 4.0489 | Disc BCH: 0.6505 | Cycle: 0.4451 | Identity: 0.5064
Epoch 96/200
Epoch 96: 100%|██████████| 207/207 [16:10<00:00,  4.69s/it, G=4.020, D_BCH=0.650, Cyc=0.447, Collapse=0]
  Gen: 4.0436 | Disc BCH: 0.6504 | Cycle: 0.4453 | Identity: 0.5059
Epoch 97/200
Epoch 97: 100%|██████████| 207/207 [16:09<00:00,  4.68s/it, G=4.015, D_BCH=0.650, Cyc=0.441, Collapse=0]
  Gen: 4.0423 | Disc BCH: 0.6505 | Cycle: 0.4452 | Identity: 0.5064
Epoch 98/200
Epoch 98: 100%|██████████| 207/207 [16:15<00:00,  4.71s/it, G=4.030, D_BCH=0.650, Cyc=0.442, Collapse=0]
  Gen: 4.0371 | Disc BCH: 0.6504 | Cycle: 0.4452 | Identity: 0.5061
Epoch 99/200
Epoch 99: 100%|██████████| 207/207 [16:13<00:00,  4.70s/it, G=3.980, D_BCH=0.651, Cyc=0.431, Collapse=0]
  Gen: 4.0381 | Disc BCH: 0.6504 | Cycle: 0.4451 | Identity: 0.5063
Epoch 100/200
Epoch 100: 100%|██████████| 207/207 [16:00<00:00,  4.64s/it, G=4.035, D_BCH=0.651, Cyc=0.447, Collapse=0]
  Gen: 4.0409 | Disc BCH: 0.6504 | Cycle: 0.4456 | Identity: 0.5062
  GPU Memory Usage:
    GPU 0: Current=1596MB, Peak=18297MB
    GPU 1: Current=106MB, Peak=2514MB
    GPU 2: Current=34MB, Peak=42MB
 Saving checkpoint at epoch 100
Epoch 101/200
Epoch 101: 100%|██████████| 207/207 [15:57<00:00,  4.62s/it, G=3.926, D_BCH=0.650, Cyc=0.426, Collapse=0]
  Gen: 4.0301 | Disc BCH: 0.6505 | Cycle: 0.4448 | Identity: 0.5065
Epoch 102/200
Epoch 102: 100%|██████████| 207/207 [15:56<00:00,  4.62s/it, G=4.033, D_BCH=0.650, Cyc=0.447, Collapse=0]
  Gen: 4.0355 | Disc BCH: 0.6504 | Cycle: 0.4449 | Identity: 0.5066
Epoch 103/200
Epoch 103: 100%|██████████| 207/207 [15:57<00:00,  4.62s/it, G=4.003, D_BCH=0.650, Cyc=0.436, Collapse=0]
  Gen: 4.0350 | Disc BCH: 0.6504 | Cycle: 0.4455 | Identity: 0.5061
Epoch 104/200
Epoch 104: 100%|██████████| 207/207 [15:51<00:00,  4.60s/it, G=4.005, D_BCH=0.650, Cyc=0.446, Collapse=0]
  Gen: 4.0332 | Disc BCH: 0.6505 | Cycle: 0.4456 | Identity: 0.5063
Epoch 105/200
Epoch 105: 100%|██████████| 207/207 [15:55<00:00,  4.61s/it, G=4.059, D_BCH=0.651, Cyc=0.458, Collapse=0]
  Gen: 4.0309 | Disc BCH: 0.6504 | Cycle: 0.4458 | Identity: 0.5058
Epoch 106/200
Epoch 106: 100%|██████████| 207/207 [15:53<00:00,  4.61s/it, G=3.986, D_BCH=0.650, Cyc=0.436, Collapse=0]
  Gen: 4.0293 | Disc BCH: 0.6504 | Cycle: 0.4448 | Identity: 0.5069
Epoch 107/200
Epoch 107: 100%|██████████| 207/207 [15:58<00:00,  4.63s/it, G=4.056, D_BCH=0.650, Cyc=0.458, Collapse=0]
  Gen: 4.0279 | Disc BCH: 0.6505 | Cycle: 0.4458 | Identity: 0.5064
Epoch 108/200
Epoch 108: 100%|██████████| 207/207 [15:56<00:00,  4.62s/it, G=4.049, D_BCH=0.651, Cyc=0.449, Collapse=0]
  Gen: 4.0232 | Disc BCH: 0.6504 | Cycle: 0.4455 | Identity: 0.5061
Epoch 109/200
Epoch 109: 100%|██████████| 207/207 [15:59<00:00,  4.63s/it, G=3.976, D_BCH=0.650, Cyc=0.428, Collapse=0]
  Gen: 4.0185 | Disc BCH: 0.6504 | Cycle: 0.4449 | Identity: 0.5064
Epoch 110/200
Epoch 110: 100%|██████████| 207/207 [15:53<00:00,  4.61s/it, G=3.978, D_BCH=0.650, Cyc=0.438, Collapse=0]
  Gen: 4.0165 | Disc BCH: 0.6504 | Cycle: 0.4446 | Identity: 0.5066
  GPU Memory Usage:
    GPU 0: Current=1597MB, Peak=18297MB
    GPU 1: Current=106MB, Peak=2514MB
    GPU 2: Current=34MB, Peak=42MB
Epoch 111/200
Epoch 111: 100%|██████████| 207/207 [16:01<00:00,  4.64s/it, G=3.997, D_BCH=0.650, Cyc=0.441, Collapse=0]
  Gen: 4.0145 | Disc BCH: 0.6504 | Cycle: 0.4450 | Identity: 0.5063
Epoch 112/200
Epoch 112: 100%|██████████| 207/207 [15:53<00:00,  4.61s/it, G=4.005, D_BCH=0.650, Cyc=0.448, Collapse=0]
  Gen: 4.0153 | Disc BCH: 0.6504 | Cycle: 0.4452 | Identity: 0.5063
Epoch 113/200
Epoch 113: 100%|██████████| 207/207 [15:52<00:00,  4.60s/it, G=4.007, D_BCH=0.651, Cyc=0.441, Collapse=0]
  Gen: 4.0138 | Disc BCH: 0.6504 | Cycle: 0.4452 | Identity: 0.5063
Epoch 114/200
Epoch 114: 100%|██████████| 207/207 [15:57<00:00,  4.62s/it, G=3.942, D_BCH=0.650, Cyc=0.435, Collapse=0]
  Gen: 4.0115 | Disc BCH: 0.6504 | Cycle: 0.4459 | Identity: 0.5057
Epoch 115/200
Epoch 115: 100%|██████████| 207/207 [15:55<00:00,  4.62s/it, G=4.061, D_BCH=0.650, Cyc=0.460, Collapse=0]
  Gen: 4.0128 | Disc BCH: 0.6504 | Cycle: 0.4454 | Identity: 0.5063
Epoch 116/200
Epoch 116: 100%|██████████| 207/207 [15:55<00:00,  4.61s/it, G=3.983, D_BCH=0.651, Cyc=0.440, Collapse=0]
  Gen: 4.0069 | Disc BCH: 0.6504 | Cycle: 0.4450 | Identity: 0.5065
Epoch 117/200
Epoch 117: 100%|██████████| 207/207 [15:54<00:00,  4.61s/it, G=3.985, D_BCH=0.650, Cyc=0.434, Collapse=0]
  Gen: 4.0084 | Disc BCH: 0.6504 | Cycle: 0.4450 | Identity: 0.5064
Epoch 118/200
Epoch 118: 100%|██████████| 207/207 [15:55<00:00,  4.62s/it, G=3.941, D_BCH=0.650, Cyc=0.425, Collapse=0]
  Gen: 4.0034 | Disc BCH: 0.6504 | Cycle: 0.4444 | Identity: 0.5066
Epoch 119/200
Epoch 119: 100%|██████████| 207/207 [15:54<00:00,  4.61s/it, G=4.049, D_BCH=0.650, Cyc=0.449, Collapse=0]
  Gen: 4.0026 | Disc BCH: 0.6504 | Cycle: 0.4445 | Identity: 0.5065
Epoch 120/200
Epoch 120: 100%|██████████| 207/207 [15:55<00:00,  4.61s/it, G=4.027, D_BCH=0.650, Cyc=0.454, Collapse=0]
  Gen: 3.9990 | Disc BCH: 0.6504 | Cycle: 0.4445 | Identity: 0.5063
  GPU Memory Usage:
    GPU 0: Current=1596MB, Peak=18297MB
    GPU 1: Current=106MB, Peak=2514MB
    GPU 2: Current=34MB, Peak=42MB
Epoch 121/200
Epoch 121: 100%|██████████| 207/207 [15:54<00:00,  4.61s/it, G=4.019, D_BCH=0.650, Cyc=0.448, Collapse=0]
  Gen: 4.0076 | Disc BCH: 0.6504 | Cycle: 0.4457 | Identity: 0.5062
Epoch 122/200
Epoch 122: 100%|██████████| 207/207 [15:55<00:00,  4.62s/it, G=4.036, D_BCH=0.650, Cyc=0.458, Collapse=0]
  Gen: 4.0044 | Disc BCH: 0.6504 | Cycle: 0.4459 | Identity: 0.5062
Epoch 123/200
Epoch 123: 100%|██████████| 207/207 [15:53<00:00,  4.61s/it, G=3.949, D_BCH=0.650, Cyc=0.435, Collapse=0]
  Gen: 4.0035 | Disc BCH: 0.6504 | Cycle: 0.4456 | Identity: 0.5062
Epoch 124/200
Epoch 124: 100%|██████████| 207/207 [15:55<00:00,  4.61s/it, G=4.003, D_BCH=0.650, Cyc=0.452, Collapse=0]
  Gen: 3.9989 | Disc BCH: 0.6504 | Cycle: 0.4447 | Identity: 0.5068
Epoch 125/200
Epoch 125: 100%|██████████| 207/207 [15:51<00:00,  4.60s/it, G=3.944, D_BCH=0.650, Cyc=0.439, Collapse=0]
  Gen: 3.9999 | Disc BCH: 0.6504 | Cycle: 0.4456 | Identity: 0.5062
 Saving checkpoint at epoch 125
Epoch 126/200
Epoch 126: 100%|██████████| 207/207 [15:53<00:00,  4.61s/it, G=3.983, D_BCH=0.650, Cyc=0.446, Collapse=0]
  Gen: 3.9975 | Disc BCH: 0.6504 | Cycle: 0.4451 | Identity: 0.5064
Epoch 127/200
Epoch 127: 100%|██████████| 207/207 [15:50<00:00,  4.59s/it, G=4.006, D_BCH=0.650, Cyc=0.451, Collapse=0]
  Gen: 3.9966 | Disc BCH: 0.6504 | Cycle: 0.4451 | Identity: 0.5062
Epoch 128/200
Epoch 128: 100%|██████████| 207/207 [15:51<00:00,  4.60s/it, G=3.961, D_BCH=0.650, Cyc=0.439, Collapse=0]
  Gen: 3.9987 | Disc BCH: 0.6504 | Cycle: 0.4456 | Identity: 0.5059
Epoch 129/200
Epoch 129: 100%|██████████| 207/207 [15:48<00:00,  4.58s/it, G=4.003, D_BCH=0.650, Cyc=0.442, Collapse=0]
  Gen: 3.9973 | Disc BCH: 0.6504 | Cycle: 0.4451 | Identity: 0.5063
Epoch 130/200
Epoch 130: 100%|██████████| 207/207 [15:52<00:00,  4.60s/it, G=3.942, D_BCH=0.651, Cyc=0.429, Collapse=0]
  Gen: 3.9957 | Disc BCH: 0.6504 | Cycle: 0.4447 | Identity: 0.5066
  GPU Memory Usage:
    GPU 0: Current=1597MB, Peak=18297MB
    GPU 1: Current=106MB, Peak=2514MB
    GPU 2: Current=34MB, Peak=42MB
Epoch 131/200
Epoch 131: 100%|██████████| 207/207 [15:53<00:00,  4.61s/it, G=3.999, D_BCH=0.650, Cyc=0.450, Collapse=0]
  Gen: 3.9979 | Disc BCH: 0.6504 | Cycle: 0.4457 | Identity: 0.5060
Epoch 132/200
Epoch 132: 100%|██████████| 207/207 [15:52<00:00,  4.60s/it, G=3.981, D_BCH=0.650, Cyc=0.445, Collapse=0]
  Gen: 3.9918 | Disc BCH: 0.6504 | Cycle: 0.4442 | Identity: 0.5068
Epoch 133/200
Epoch 133: 100%|██████████| 207/207 [15:55<00:00,  4.62s/it, G=3.967, D_BCH=0.650, Cyc=0.436, Collapse=0]
  Gen: 3.9951 | Disc BCH: 0.6504 | Cycle: 0.4449 | Identity: 0.5066
Epoch 134/200
Epoch 134: 100%|██████████| 207/207 [15:57<00:00,  4.62s/it, G=4.004, D_BCH=0.650, Cyc=0.445, Collapse=0]
  Gen: 3.9910 | Disc BCH: 0.6504 | Cycle: 0.4438 | Identity: 0.5072
Epoch 135/200
Epoch 135: 100%|██████████| 207/207 [15:54<00:00,  4.61s/it, G=3.968, D_BCH=0.650, Cyc=0.438, Collapse=0]
  Gen: 3.9921 | Disc BCH: 0.6504 | Cycle: 0.4448 | Identity: 0.5066
Epoch 136/200
Epoch 136: 100%|██████████| 207/207 [15:54<00:00,  4.61s/it, G=3.986, D_BCH=0.650, Cyc=0.444, Collapse=0]
  Gen: 3.9903 | Disc BCH: 0.6504 | Cycle: 0.4445 | Identity: 0.5067
Epoch 137/200
Epoch 137: 100%|██████████| 207/207 [15:53<00:00,  4.61s/it, G=4.015, D_BCH=0.650, Cyc=0.450, Collapse=0]
  Gen: 3.9915 | Disc BCH: 0.6504 | Cycle: 0.4455 | Identity: 0.5064
Epoch 138/200
Epoch 138: 100%|██████████| 207/207 [15:57<00:00,  4.62s/it, G=3.925, D_BCH=0.650, Cyc=0.429, Collapse=0]
  Gen: 3.9934 | Disc BCH: 0.6504 | Cycle: 0.4455 | Identity: 0.5064
Epoch 139/200
Epoch 139: 100%|██████████| 207/207 [15:54<00:00,  4.61s/it, G=3.991, D_BCH=0.650, Cyc=0.446, Collapse=0]
  Gen: 3.9859 | Disc BCH: 0.6504 | Cycle: 0.4450 | Identity: 0.5064
Epoch 140/200
Epoch 140: 100%|██████████| 207/207 [15:55<00:00,  4.62s/it, G=3.971, D_BCH=0.650, Cyc=0.447, Collapse=0]
  Gen: 3.9889 | Disc BCH: 0.6504 | Cycle: 0.4451 | Identity: 0.5063
  GPU Memory Usage:
    GPU 0: Current=1595MB, Peak=18297MB
    GPU 1: Current=106MB, Peak=2514MB
    GPU 2: Current=34MB, Peak=42MB
Epoch 141/200
Epoch 141: 100%|██████████| 207/207 [15:56<00:00,  4.62s/it, G=4.025, D_BCH=0.650, Cyc=0.454, Collapse=0]
  Gen: 3.9874 | Disc BCH: 0.6504 | Cycle: 0.4455 | Identity: 0.5059
Epoch 142/200
Epoch 142: 100%|██████████| 207/207 [15:57<00:00,  4.63s/it, G=3.956, D_BCH=0.651, Cyc=0.441, Collapse=0]
  Gen: 3.9843 | Disc BCH: 0.6504 | Cycle: 0.4450 | Identity: 0.5064
Epoch 143/200
Epoch 143: 100%|██████████| 207/207 [15:59<00:00,  4.64s/it, G=3.945, D_BCH=0.650, Cyc=0.440, Collapse=0]
  Gen: 3.9824 | Disc BCH: 0.6504 | Cycle: 0.4445 | Identity: 0.5064
Epoch 144/200
Epoch 144: 100%|██████████| 207/207 [15:56<00:00,  4.62s/it, G=3.995, D_BCH=0.650, Cyc=0.447, Collapse=0]
  Gen: 3.9880 | Disc BCH: 0.6504 | Cycle: 0.4453 | Identity: 0.5064
Epoch 145/200
Epoch 145: 100%|██████████| 207/207 [15:55<00:00,  4.62s/it, G=3.952, D_BCH=0.650, Cyc=0.437, Collapse=0]
  Gen: 3.9884 | Disc BCH: 0.6503 | Cycle: 0.4457 | Identity: 0.5063
Epoch 146/200
Epoch 146: 100%|██████████| 207/207 [15:55<00:00,  4.61s/it, G=3.935, D_BCH=0.650, Cyc=0.434, Collapse=0]
  Gen: 3.9826 | Disc BCH: 0.6504 | Cycle: 0.4452 | Identity: 0.5063
Epoch 147/200
Epoch 147: 100%|██████████| 207/207 [15:54<00:00,  4.61s/it, G=3.945, D_BCH=0.650, Cyc=0.445, Collapse=0]
  Gen: 3.9846 | Disc BCH: 0.6504 | Cycle: 0.4455 | Identity: 0.5061
Epoch 148/200
Epoch 148: 100%|██████████| 207/207 [15:53<00:00,  4.61s/it, G=3.943, D_BCH=0.650, Cyc=0.436, Collapse=0]
  Gen: 3.9823 | Disc BCH: 0.6504 | Cycle: 0.4456 | Identity: 0.5060
Epoch 149/200
Epoch 149: 100%|██████████| 207/207 [15:54<00:00,  4.61s/it, G=3.976, D_BCH=0.650, Cyc=0.446, Collapse=0]
  Gen: 3.9855 | Disc BCH: 0.6504 | Cycle: 0.4456 | Identity: 0.5062
Epoch 150/200
Epoch 150: 100%|██████████| 207/207 [15:55<00:00,  4.62s/it, G=3.966, D_BCH=0.650, Cyc=0.447, Collapse=0]
  Gen: 3.9851 | Disc BCH: 0.6504 | Cycle: 0.4452 | Identity: 0.5062
  GPU Memory Usage:
    GPU 0: Current=1598MB, Peak=18297MB
    GPU 1: Current=106MB, Peak=2514MB
    GPU 2: Current=34MB, Peak=42MB
 Saving checkpoint at epoch 150
Epoch 151/200
Epoch 151: 100%|██████████| 207/207 [15:56<00:00,  4.62s/it, G=4.021, D_BCH=0.650, Cyc=0.459, Collapse=0]
  Gen: 3.9851 | Disc BCH: 0.6504 | Cycle: 0.4456 | Identity: 0.5061
Epoch 152/200
Epoch 152: 100%|██████████| 207/207 [15:53<00:00,  4.61s/it, G=3.941, D_BCH=0.650, Cyc=0.439, Collapse=0]
  Gen: 3.9818 | Disc BCH: 0.6504 | Cycle: 0.4451 | Identity: 0.5066
Epoch 153/200
Epoch 153: 100%|██████████| 207/207 [15:54<00:00,  4.61s/it, G=3.925, D_BCH=0.650, Cyc=0.432, Collapse=0]
  Gen: 3.9837 | Disc BCH: 0.6503 | Cycle: 0.4455 | Identity: 0.5062
Epoch 154/200
Epoch 154: 100%|██████████| 207/207 [15:53<00:00,  4.61s/it, G=4.011, D_BCH=0.650, Cyc=0.451, Collapse=0]
  Gen: 3.9756 | Disc BCH: 0.6504 | Cycle: 0.4442 | Identity: 0.5069
Epoch 155/200
Epoch 155: 100%|██████████| 207/207 [15:53<00:00,  4.61s/it, G=3.973, D_BCH=0.650, Cyc=0.443, Collapse=0]
  Gen: 3.9794 | Disc BCH: 0.6504 | Cycle: 0.4451 | Identity: 0.5063
Epoch 156/200
Epoch 156: 100%|██████████| 207/207 [15:54<00:00,  4.61s/it, G=3.934, D_BCH=0.650, Cyc=0.434, Collapse=0]
  Gen: 3.9790 | Disc BCH: 0.6504 | Cycle: 0.4452 | Identity: 0.5062
Epoch 157/200
Epoch 157: 100%|██████████| 207/207 [15:55<00:00,  4.62s/it, G=4.009, D_BCH=0.650, Cyc=0.451, Collapse=0]
  Gen: 3.9797 | Disc BCH: 0.6504 | Cycle: 0.4453 | Identity: 0.5062
Epoch 158/200
Epoch 158: 100%|██████████| 207/207 [15:56<00:00,  4.62s/it, G=3.952, D_BCH=0.650, Cyc=0.436, Collapse=0]
  Gen: 3.9808 | Disc BCH: 0.6503 | Cycle: 0.4456 | Identity: 0.5059
Epoch 159/200
Epoch 159: 100%|██████████| 207/207 [15:52<00:00,  4.60s/it, G=3.956, D_BCH=0.650, Cyc=0.437, Collapse=0]
  Gen: 3.9769 | Disc BCH: 0.6504 | Cycle: 0.4450 | Identity: 0.5061
Epoch 160/200
Epoch 160: 100%|██████████| 207/207 [15:55<00:00,  4.62s/it, G=4.028, D_BCH=0.650, Cyc=0.457, Collapse=0]
  Gen: 3.9825 | Disc BCH: 0.6503 | Cycle: 0.4462 | Identity: 0.5054
  GPU Memory Usage:
    GPU 0: Current=1593MB, Peak=18297MB
    GPU 1: Current=106MB, Peak=2514MB
    GPU 2: Current=34MB, Peak=42MB
Epoch 161/200
Epoch 161: 100%|██████████| 207/207 [15:53<00:00,  4.61s/it, G=3.952, D_BCH=0.650, Cyc=0.443, Collapse=0]
  Gen: 3.9793 | Disc BCH: 0.6504 | Cycle: 0.4456 | Identity: 0.5061
Epoch 162/200
Epoch 162: 100%|██████████| 207/207 [15:55<00:00,  4.61s/it, G=3.934, D_BCH=0.650, Cyc=0.439, Collapse=0]
  Gen: 3.9791 | Disc BCH: 0.6504 | Cycle: 0.4454 | Identity: 0.5060
Epoch 163/200
Epoch 163: 100%|██████████| 207/207 [15:59<00:00,  4.63s/it, G=3.955, D_BCH=0.650, Cyc=0.447, Collapse=0]
  Gen: 3.9762 | Disc BCH: 0.6503 | Cycle: 0.4445 | Identity: 0.5069
Epoch 164/200
Epoch 164: 100%|██████████| 207/207 [15:57<00:00,  4.63s/it, G=3.954, D_BCH=0.650, Cyc=0.432, Collapse=0]
  Gen: 3.9785 | Disc BCH: 0.6503 | Cycle: 0.4452 | Identity: 0.5063
Epoch 165/200
Epoch 165: 100%|██████████| 207/207 [15:57<00:00,  4.63s/it, G=3.931, D_BCH=0.651, Cyc=0.438, Collapse=0]
  Gen: 3.9764 | Disc BCH: 0.6504 | Cycle: 0.4449 | Identity: 0.5065
Epoch 166/200
Epoch 166: 100%|██████████| 207/207 [16:00<00:00,  4.64s/it, G=4.011, D_BCH=0.650, Cyc=0.453, Collapse=0]
  Gen: 3.9775 | Disc BCH: 0.6503 | Cycle: 0.4450 | Identity: 0.5064
Epoch 167/200
Epoch 167: 100%|██████████| 207/207 [15:55<00:00,  4.62s/it, G=3.987, D_BCH=0.651, Cyc=0.441, Collapse=0]
  Gen: 3.9778 | Disc BCH: 0.6504 | Cycle: 0.4451 | Identity: 0.5063
Epoch 168/200
Epoch 168: 100%|██████████| 207/207 [15:57<00:00,  4.62s/it, G=3.935, D_BCH=0.650, Cyc=0.436, Collapse=0]
  Gen: 3.9805 | Disc BCH: 0.6503 | Cycle: 0.4448 | Identity: 0.5070
Epoch 169/200
Epoch 169: 100%|██████████| 207/207 [15:54<00:00,  4.61s/it, G=3.950, D_BCH=0.650, Cyc=0.440, Collapse=0]
  Gen: 3.9764 | Disc BCH: 0.6503 | Cycle: 0.4449 | Identity: 0.5063
Epoch 170/200
Epoch 170: 100%|██████████| 207/207 [16:08<00:00,  4.68s/it, G=3.913, D_BCH=0.650, Cyc=0.432, Collapse=0]
  Gen: 3.9747 | Disc BCH: 0.6503 | Cycle: 0.4447 | Identity: 0.5063
  GPU Memory Usage:
    GPU 0: Current=1594MB, Peak=18297MB
    GPU 1: Current=106MB, Peak=2514MB
    GPU 2: Current=34MB, Peak=42MB
Epoch 171/200
Epoch 171: 100%|██████████| 207/207 [15:59<00:00,  4.63s/it, G=3.975, D_BCH=0.651, Cyc=0.447, Collapse=0]
  Gen: 3.9768 | Disc BCH: 0.6504 | Cycle: 0.4452 | Identity: 0.5067
Epoch 172/200
Epoch 172: 100%|██████████| 207/207 [16:01<00:00,  4.64s/it, G=3.965, D_BCH=0.650, Cyc=0.449, Collapse=0]
  Gen: 3.9790 | Disc BCH: 0.6503 | Cycle: 0.4453 | Identity: 0.5061
Epoch 173/200
Epoch 173: 100%|██████████| 207/207 [15:58<00:00,  4.63s/it, G=3.951, D_BCH=0.650, Cyc=0.441, Collapse=0]
  Gen: 3.9781 | Disc BCH: 0.6503 | Cycle: 0.4453 | Identity: 0.5064
Epoch 174/200
Epoch 174: 100%|██████████| 207/207 [15:57<00:00,  4.62s/it, G=3.969, D_BCH=0.650, Cyc=0.444, Collapse=0]
  Gen: 3.9785 | Disc BCH: 0.6503 | Cycle: 0.4455 | Identity: 0.5060
Epoch 175/200
Epoch 175: 100%|██████████| 207/207 [16:00<00:00,  4.64s/it, G=3.899, D_BCH=0.650, Cyc=0.430, Collapse=0]
  Gen: 3.9794 | Disc BCH: 0.6503 | Cycle: 0.4453 | Identity: 0.5059
 Saving checkpoint at epoch 175
Epoch 176/200
Epoch 176: 100%|██████████| 207/207 [15:57<00:00,  4.63s/it, G=3.909, D_BCH=0.650, Cyc=0.436, Collapse=0]
  Gen: 3.9773 | Disc BCH: 0.6503 | Cycle: 0.4450 | Identity: 0.5065
Epoch 177/200
Epoch 177: 100%|██████████| 207/207 [15:56<00:00,  4.62s/it, G=4.037, D_BCH=0.650, Cyc=0.456, Collapse=0]
  Gen: 3.9797 | Disc BCH: 0.6503 | Cycle: 0.4457 | Identity: 0.5060
Epoch 178/200
Epoch 178: 100%|██████████| 207/207 [15:56<00:00,  4.62s/it, G=3.956, D_BCH=0.651, Cyc=0.442, Collapse=0]
  Gen: 3.9818 | Disc BCH: 0.6503 | Cycle: 0.4459 | Identity: 0.5060
Epoch 179/200
Epoch 179: 100%|██████████| 207/207 [15:54<00:00,  4.61s/it, G=4.002, D_BCH=0.650, Cyc=0.453, Collapse=0]
  Gen: 4.0203 | Disc BCH: 0.6515 | Cycle: 0.4452 | Identity: 0.5061
Epoch 180/200
Epoch 180: 100%|██████████| 207/207 [15:56<00:00,  4.62s/it, G=4.049, D_BCH=0.650, Cyc=0.454, Collapse=0]
  Gen: 4.0288 | Disc BCH: 0.6504 | Cycle: 0.4453 | Identity: 0.5063
  GPU Memory Usage:
    GPU 0: Current=1598MB, Peak=18297MB
    GPU 1: Current=106MB, Peak=2514MB
    GPU 2: Current=34MB, Peak=42MB
Epoch 181/200
Epoch 181: 100%|██████████| 207/207 [15:58<00:00,  4.63s/it, G=4.041, D_BCH=0.650, Cyc=0.447, Collapse=0]
  Gen: 4.0299 | Disc BCH: 0.6505 | Cycle: 0.4448 | Identity: 0.5064
Epoch 182/200
Epoch 182: 100%|██████████| 207/207 [15:55<00:00,  4.62s/it, G=4.106, D_BCH=0.650, Cyc=0.461, Collapse=0]
  Gen: 4.0403 | Disc BCH: 0.6504 | Cycle: 0.4456 | Identity: 0.5063
Epoch 183/200
Epoch 183: 100%|██████████| 207/207 [15:57<00:00,  4.62s/it, G=3.970, D_BCH=0.650, Cyc=0.436, Collapse=0]
  Gen: 4.0367 | Disc BCH: 0.6504 | Cycle: 0.4449 | Identity: 0.5064
Epoch 184/200
Epoch 184: 100%|██████████| 207/207 [15:58<00:00,  4.63s/it, G=3.999, D_BCH=0.650, Cyc=0.437, Collapse=0]
  Gen: 4.0414 | Disc BCH: 0.6504 | Cycle: 0.4452 | Identity: 0.5065
Epoch 185/200
Epoch 185: 100%|██████████| 207/207 [15:58<00:00,  4.63s/it, G=4.012, D_BCH=0.650, Cyc=0.442, Collapse=0]
  Gen: 4.0372 | Disc BCH: 0.6504 | Cycle: 0.4450 | Identity: 0.5067
Epoch 186/200
Epoch 186: 100%|██████████| 207/207 [16:04<00:00,  4.66s/it, G=4.030, D_BCH=0.650, Cyc=0.451, Collapse=0]
  Gen: 4.0357 | Disc BCH: 0.6504 | Cycle: 0.4450 | Identity: 0.5064
Epoch 187/200
Epoch 187: 100%|██████████| 207/207 [16:04<00:00,  4.66s/it, G=4.013, D_BCH=0.650, Cyc=0.444, Collapse=0]
  Gen: 4.0354 | Disc BCH: 0.6504 | Cycle: 0.4448 | Identity: 0.5064
Epoch 188/200
Epoch 188: 100%|██████████| 207/207 [16:00<00:00,  4.64s/it, G=4.040, D_BCH=0.650, Cyc=0.449, Collapse=0]
  Gen: 4.0353 | Disc BCH: 0.6504 | Cycle: 0.4447 | Identity: 0.5068
Epoch 189/200
Epoch 189: 100%|██████████| 207/207 [16:00<00:00,  4.64s/it, G=3.994, D_BCH=0.650, Cyc=0.433, Collapse=0]
  Gen: 4.0359 | Disc BCH: 0.6504 | Cycle: 0.4455 | Identity: 0.5060
Epoch 190/200
Epoch 190: 100%|██████████| 207/207 [15:56<00:00,  4.62s/it, G=3.929, D_BCH=0.650, Cyc=0.423, Collapse=0]
  Gen: 4.0366 | Disc BCH: 0.6504 | Cycle: 0.4456 | Identity: 0.5060
  GPU Memory Usage:
    GPU 0: Current=1597MB, Peak=18297MB
    GPU 1: Current=106MB, Peak=2514MB
    GPU 2: Current=34MB, Peak=42MB
Epoch 191/200
Epoch 191: 100%|██████████| 207/207 [15:56<00:00,  4.62s/it, G=4.031, D_BCH=0.650, Cyc=0.443, Collapse=0]
  Gen: 4.0378 | Disc BCH: 0.6504 | Cycle: 0.4453 | Identity: 0.5063
Epoch 192/200
Epoch 192: 100%|██████████| 207/207 [15:52<00:00,  4.60s/it, G=4.062, D_BCH=0.650, Cyc=0.449, Collapse=0]
  Gen: 4.0333 | Disc BCH: 0.6504 | Cycle: 0.4452 | Identity: 0.5062
Epoch 193/200
Epoch 193: 100%|██████████| 207/207 [15:58<00:00,  4.63s/it, G=4.058, D_BCH=0.650, Cyc=0.454, Collapse=0]
  Gen: 4.0319 | Disc BCH: 0.6504 | Cycle: 0.4452 | Identity: 0.5061
Epoch 194/200
Epoch 194: 100%|██████████| 207/207 [15:58<00:00,  4.63s/it, G=3.976, D_BCH=0.650, Cyc=0.432, Collapse=0]
  Gen: 4.0333 | Disc BCH: 0.6504 | Cycle: 0.4451 | Identity: 0.5063
Epoch 195/200
Epoch 195: 100%|██████████| 207/207 [15:55<00:00,  4.62s/it, G=3.975, D_BCH=0.650, Cyc=0.437, Collapse=0]
  Gen: 4.0316 | Disc BCH: 0.6504 | Cycle: 0.4456 | Identity: 0.5063
Epoch 196/200
Epoch 196: 100%|██████████| 207/207 [15:59<00:00,  4.63s/it, G=3.995, D_BCH=0.650, Cyc=0.438, Collapse=0]
  Gen: 4.0290 | Disc BCH: 0.6504 | Cycle: 0.4451 | Identity: 0.5063
Epoch 197/200
Epoch 197: 100%|██████████| 207/207 [15:55<00:00,  4.62s/it, G=4.011, D_BCH=0.650, Cyc=0.444, Collapse=0]
  Gen: 4.0324 | Disc BCH: 0.6504 | Cycle: 0.4457 | Identity: 0.5062
Epoch 198/200
Epoch 198: 100%|██████████| 207/207 [15:55<00:00,  4.62s/it, G=4.059, D_BCH=0.650, Cyc=0.452, Collapse=0]
  Gen: 4.0299 | Disc BCH: 0.6504 | Cycle: 0.4453 | Identity: 0.5064
Epoch 199/200
Epoch 199: 100%|██████████| 207/207 [15:56<00:00,  4.62s/it, G=3.964, D_BCH=0.650, Cyc=0.430, Collapse=0]
  Gen: 4.0266 | Disc BCH: 0.6504 | Cycle: 0.4450 | Identity: 0.5064
Epoch 200/200
Epoch 200: 100%|██████████| 207/207 [15:55<00:00,  4.62s/it, G=4.017, D_BCH=0.650, Cyc=0.446, Collapse=0]
  Gen: 4.0252 | Disc BCH: 0.6504 | Cycle: 0.4446 | Identity: 0.5065
  GPU Memory Usage:
    GPU 0: Current=1597MB, Peak=18297MB
    GPU 1: Current=106MB, Peak=2514MB
    GPU 2: Current=34MB, Peak=42MB
 Saving checkpoint at epoch 200
 Saving final models...
================================================================================
 TRAINING COMPLETE!
================================================================================
📊 TRAINING QUALITY REPORT:
   GOOD: Discriminator in healthy range
    SUSPICIOUS: Generator may have collapsed (loss < 5)
   GOOD: Decent cycle consistency
Epoch 192/200
Epoch 192: 100%|██████████| 207/207 [15:52<00:00,  4.60s/it, G=4.062, D_BCH=0.650, Cyc=0.449, Collapse=0]
  Gen: 4.0333 | Disc BCH: 0.6504 | Cycle: 0.4452 | Identity: 0.5062
Epoch 193/200
Epoch 193: 100%|██████████| 207/207 [15:58<00:00,  4.63s/it, G=4.058, D_BCH=0.650, Cyc=0.454, Collapse=0]
  Gen: 4.0319 | Disc BCH: 0.6504 | Cycle: 0.4452 | Identity: 0.5061
Epoch 194/200
Epoch 194: 100%|██████████| 207/207 [15:58<00:00,  4.63s/it, G=3.976, D_BCH=0.650, Cyc=0.432, Collapse=0]
  Gen: 4.0333 | Disc BCH: 0.6504 | Cycle: 0.4451 | Identity: 0.5063
Epoch 195/200
Epoch 195: 100%|██████████| 207/207 [15:55<00:00,  4.62s/it, G=3.975, D_BCH=0.650, Cyc=0.437, Collapse=0]
  Gen: 4.0316 | Disc BCH: 0.6504 | Cycle: 0.4456 | Identity: 0.5063
Epoch 196/200
Epoch 196: 100%|██████████| 207/207 [15:59<00:00,  4.63s/it, G=3.995, D_BCH=0.650, Cyc=0.438, Collapse=0]
  Gen: 4.0290 | Disc BCH: 0.6504 | Cycle: 0.4451 | Identity: 0.5063
Epoch 197/200
Epoch 197: 100%|██████████| 207/207 [15:55<00:00,  4.62s/it, G=4.011, D_BCH=0.650, Cyc=0.444, Collapse=0]
  Gen: 4.0324 | Disc BCH: 0.6504 | Cycle: 0.4457 | Identity: 0.5062
Epoch 198/200
Epoch 198: 100%|██████████| 207/207 [15:55<00:00,  4.62s/it, G=4.059, D_BCH=0.650, Cyc=0.452, Collapse=0]
  Gen: 4.0299 | Disc BCH: 0.6504 | Cycle: 0.4453 | Identity: 0.5064
Epoch 199/200
Epoch 199: 100%|██████████| 207/207 [15:56<00:00,  4.62s/it, G=3.964, D_BCH=0.650, Cyc=0.430, Collapse=0]
  Gen: 4.0266 | Disc BCH: 0.6504 | Cycle: 0.4450 | Identity: 0.5064
Epoch 200/200
Epoch 200: 100%|██████████| 207/207 [15:55<00:00,  4.62s/it, G=4.017, D_BCH=0.650, Cyc=0.446, Collapse=0]
  Gen: 4.0252 | Disc BCH: 0.6504 | Cycle: 0.4446 | Identity: 0.5065
  GPU Memory Usage:
    GPU 0: Current=1597MB, Peak=18297MB
    GPU 1: Current=106MB, Peak=2514MB
    GPU 2: Current=34MB, Peak=42MB
 Saving checkpoint at epoch 200
 Saving final models...
================================================================================
 TRAINING COMPLETE!
================================================================================
📊 TRAINING QUALITY REPORT:
   GOOD: Discriminator in healthy range
    SUSPICIOUS: Generator may have collapsed (loss < 5)
   GOOD: Decent cycle consistency
